[0.049s] DEBUG:colcon:Command line arguments: ['/usr/bin/colcon', 'build', '--packages-select', 'cv_msg']
[0.049s] DEBUG:colcon:Parsed command line arguments: Namespace(log_base=None, log_level=None, verb_name='build', build_base='build', install_base='install', merge_install=False, symlink_install=False, test_result_base=None, continue_on_error=False, executor='parallel', parallel_workers=24, event_handlers=None, ignore_user_meta=False, metas=['./colcon.meta'], base_paths=['.'], packages_ignore=None, packages_ignore_regex=None, paths=None, packages_up_to=None, packages_up_to_regex=None, packages_above=None, packages_above_and_dependencies=None, packages_above_depth=None, packages_select_by_dep=None, packages_skip_by_dep=None, packages_skip_up_to=None, packages_select_build_failed=False, packages_skip_build_finished=False, packages_select_test_failures=False, packages_skip_test_passed=False, packages_select=['cv_msg'], packages_skip=None, packages_select_regex=None, packages_skip_regex=None, packages_start=None, packages_end=None, allow_overriding=[], cmake_args=None, cmake_target=None, cmake_target_skip_unavailable=False, cmake_clean_cache=False, cmake_clean_first=False, cmake_force_configure=False, ament_cmake_args=None, catkin_cmake_args=None, catkin_skip_building_tests=False, mixin_files=None, mixin=None, verb_parser=<colcon_mixin.mixin.mixin_argument.MixinArgumentDecorator object at 0x76f87ca90f10>, verb_extension=<colcon_core.verb.build.BuildVerb object at 0x76f87ca909a0>, main=<bound method BuildVerb.main of <colcon_core.verb.build.BuildVerb object at 0x76f87ca909a0>>, mixin_verb=('build',))
[0.067s] Level 1:colcon.colcon_core.package_discovery:discover_packages(colcon_meta) check parameters
[0.067s] Level 1:colcon.colcon_core.package_discovery:discover_packages(recursive) check parameters
[0.067s] Level 1:colcon.colcon_core.package_discovery:discover_packages(ignore) check parameters
[0.067s] Level 1:colcon.colcon_core.package_discovery:discover_packages(path) check parameters
[0.067s] Level 1:colcon.colcon_core.package_discovery:discover_packages(colcon_meta) discover
[0.067s] Level 1:colcon.colcon_core.package_discovery:discover_packages(recursive) discover
[0.067s] INFO:colcon.colcon_core.package_discovery:Crawling recursively for packages in '/home/a/Desktop/yhan/Sources/ros2_ws/src'
[0.067s] Level 1:colcon.colcon_core.package_identification:_identify(.) by extensions ['ignore', 'ignore_ament_install']
[0.067s] Level 1:colcon.colcon_core.package_identification:_identify(.) by extension 'ignore'
[0.067s] Level 1:colcon.colcon_core.package_identification:_identify(.) by extension 'ignore_ament_install'
[0.068s] Level 1:colcon.colcon_core.package_identification:_identify(.) by extensions ['colcon_pkg']
[0.068s] Level 1:colcon.colcon_core.package_identification:_identify(.) by extension 'colcon_pkg'
[0.068s] Level 1:colcon.colcon_core.package_identification:_identify(.) by extensions ['colcon_meta']
[0.068s] Level 1:colcon.colcon_core.package_identification:_identify(.) by extension 'colcon_meta'
[0.068s] Level 1:colcon.colcon_core.package_identification:_identify(.) by extensions ['ros']
[0.068s] Level 1:colcon.colcon_core.package_identification:_identify(.) by extension 'ros'
[0.081s] Level 1:colcon.colcon_core.package_identification:_identify(.) by extensions ['cmake', 'python']
[0.081s] Level 1:colcon.colcon_core.package_identification:_identify(.) by extension 'cmake'
[0.082s] Level 1:colcon.colcon_core.package_identification:_identify(.) by extension 'python'
[0.082s] Level 1:colcon.colcon_core.package_identification:_identify(.) by extensions ['python_setup_py']
[0.082s] Level 1:colcon.colcon_core.package_identification:_identify(.) by extension 'python_setup_py'
[0.082s] Level 1:colcon.colcon_core.package_identification:_identify(build) by extensions ['ignore', 'ignore_ament_install']
[0.082s] Level 1:colcon.colcon_core.package_identification:_identify(build) by extension 'ignore'
[0.082s] Level 1:colcon.colcon_core.package_identification:_identify(build) ignored
[0.082s] Level 1:colcon.colcon_core.package_identification:_identify(cv_msg) by extensions ['ignore', 'ignore_ament_install']
[0.082s] Level 1:colcon.colcon_core.package_identification:_identify(cv_msg) by extension 'ignore'
[0.082s] Level 1:colcon.colcon_core.package_identification:_identify(cv_msg) by extension 'ignore_ament_install'
[0.082s] Level 1:colcon.colcon_core.package_identification:_identify(cv_msg) by extensions ['colcon_pkg']
[0.082s] Level 1:colcon.colcon_core.package_identification:_identify(cv_msg) by extension 'colcon_pkg'
[0.082s] Level 1:colcon.colcon_core.package_identification:_identify(cv_msg) by extensions ['colcon_meta']
[0.082s] Level 1:colcon.colcon_core.package_identification:_identify(cv_msg) by extension 'colcon_meta'
[0.082s] Level 1:colcon.colcon_core.package_identification:_identify(cv_msg) by extensions ['ros']
[0.082s] Level 1:colcon.colcon_core.package_identification:_identify(cv_msg) by extension 'ros'
[0.083s] DEBUG:colcon.colcon_core.package_identification:Package 'cv_msg' with type 'ros.ament_cmake' and name 'cv_msg'
[0.083s] Level 1:colcon.colcon_core.package_identification:_identify(install) by extensions ['ignore', 'ignore_ament_install']
[0.083s] Level 1:colcon.colcon_core.package_identification:_identify(install) by extension 'ignore'
[0.083s] Level 1:colcon.colcon_core.package_identification:_identify(install) ignored
[0.083s] Level 1:colcon.colcon_core.package_identification:_identify(log) by extensions ['ignore', 'ignore_ament_install']
[0.083s] Level 1:colcon.colcon_core.package_identification:_identify(log) by extension 'ignore'
[0.083s] Level 1:colcon.colcon_core.package_identification:_identify(log) ignored
[0.083s] Level 1:colcon.colcon_core.package_identification:_identify(ros_topic) by extensions ['ignore', 'ignore_ament_install']
[0.083s] Level 1:colcon.colcon_core.package_identification:_identify(ros_topic) by extension 'ignore'
[0.083s] Level 1:colcon.colcon_core.package_identification:_identify(ros_topic) by extension 'ignore_ament_install'
[0.083s] Level 1:colcon.colcon_core.package_identification:_identify(ros_topic) by extensions ['colcon_pkg']
[0.083s] Level 1:colcon.colcon_core.package_identification:_identify(ros_topic) by extension 'colcon_pkg'
[0.083s] Level 1:colcon.colcon_core.package_identification:_identify(ros_topic) by extensions ['colcon_meta']
[0.083s] Level 1:colcon.colcon_core.package_identification:_identify(ros_topic) by extension 'colcon_meta'
[0.083s] Level 1:colcon.colcon_core.package_identification:_identify(ros_topic) by extensions ['ros']
[0.083s] Level 1:colcon.colcon_core.package_identification:_identify(ros_topic) by extension 'ros'
[0.084s] DEBUG:colcon.colcon_core.package_identification:Package 'ros_topic' with type 'ros.ament_python' and name 'ros_topic'
[0.084s] Level 1:colcon.colcon_core.package_identification:_identify(ros_topic_c) by extensions ['ignore', 'ignore_ament_install']
[0.084s] Level 1:colcon.colcon_core.package_identification:_identify(ros_topic_c) by extension 'ignore'
[0.084s] Level 1:colcon.colcon_core.package_identification:_identify(ros_topic_c) by extension 'ignore_ament_install'
[0.084s] Level 1:colcon.colcon_core.package_identification:_identify(ros_topic_c) by extensions ['colcon_pkg']
[0.084s] Level 1:colcon.colcon_core.package_identification:_identify(ros_topic_c) by extension 'colcon_pkg'
[0.084s] Level 1:colcon.colcon_core.package_identification:_identify(ros_topic_c) by extensions ['colcon_meta']
[0.084s] Level 1:colcon.colcon_core.package_identification:_identify(ros_topic_c) by extension 'colcon_meta'
[0.084s] Level 1:colcon.colcon_core.package_identification:_identify(ros_topic_c) by extensions ['ros']
[0.084s] Level 1:colcon.colcon_core.package_identification:_identify(ros_topic_c) by extension 'ros'
[0.084s] DEBUG:colcon.colcon_core.package_identification:Package 'ros_topic_c' with type 'ros.ament_cmake' and name 'ros_topic_c'
[0.084s] Level 1:colcon.colcon_core.package_discovery:discover_packages(recursive) using defaults
[0.084s] Level 1:colcon.colcon_core.package_discovery:discover_packages(ignore) discover
[0.084s] Level 1:colcon.colcon_core.package_discovery:discover_packages(ignore) using defaults
[0.084s] Level 1:colcon.colcon_core.package_discovery:discover_packages(path) discover
[0.084s] Level 1:colcon.colcon_core.package_discovery:discover_packages(path) using defaults
[0.093s] INFO:colcon.colcon_core.package_selection:Skipping not selected package 'ros_topic' in 'ros_topic'
[0.093s] INFO:colcon.colcon_core.package_selection:Skipping not selected package 'ros_topic_c' in 'ros_topic_c'
[0.093s] Level 1:colcon.colcon_core.package_discovery:discover_packages(prefix_path) check parameters
[0.093s] Level 1:colcon.colcon_core.package_discovery:discover_packages(prefix_path) discover
[0.094s] DEBUG:colcon.colcon_installed_package_information.package_discovery:Found 2 installed packages in /home/a/Desktop/yhan/Sources/ros2_ws/install
[0.094s] DEBUG:colcon.colcon_installed_package_information.package_discovery:Found 189 installed packages in /opt/ros/humble
[0.095s] Level 1:colcon.colcon_core.package_discovery:discover_packages(prefix_path) using defaults
[0.104s] Level 5:colcon.colcon_core.verb:set package 'cv_msg' build argument 'cmake_args' from command line to 'None'
[0.104s] Level 5:colcon.colcon_core.verb:set package 'cv_msg' build argument 'cmake_target' from command line to 'None'
[0.104s] Level 5:colcon.colcon_core.verb:set package 'cv_msg' build argument 'cmake_target_skip_unavailable' from command line to 'False'
[0.104s] Level 5:colcon.colcon_core.verb:set package 'cv_msg' build argument 'cmake_clean_cache' from command line to 'False'
[0.104s] Level 5:colcon.colcon_core.verb:set package 'cv_msg' build argument 'cmake_clean_first' from command line to 'False'
[0.104s] Level 5:colcon.colcon_core.verb:set package 'cv_msg' build argument 'cmake_force_configure' from command line to 'False'
[0.104s] Level 5:colcon.colcon_core.verb:set package 'cv_msg' build argument 'ament_cmake_args' from command line to 'None'
[0.104s] Level 5:colcon.colcon_core.verb:set package 'cv_msg' build argument 'catkin_cmake_args' from command line to 'None'
[0.105s] Level 5:colcon.colcon_core.verb:set package 'cv_msg' build argument 'catkin_skip_building_tests' from command line to 'False'
[0.105s] DEBUG:colcon.colcon_core.verb:Building package 'cv_msg' with the following arguments: {'ament_cmake_args': None, 'build_base': '/home/a/Desktop/yhan/Sources/ros2_ws/src/build/cv_msg', 'catkin_cmake_args': None, 'catkin_skip_building_tests': False, 'cmake_args': None, 'cmake_clean_cache': False, 'cmake_clean_first': False, 'cmake_force_configure': False, 'cmake_target': None, 'cmake_target_skip_unavailable': False, 'install_base': '/home/a/Desktop/yhan/Sources/ros2_ws/src/install/cv_msg', 'merge_install': False, 'path': '/home/a/Desktop/yhan/Sources/ros2_ws/src/cv_msg', 'symlink_install': False, 'test_result_base': None}
[0.105s] INFO:colcon.colcon_core.executor:Executing jobs using 'parallel' executor
[0.105s] DEBUG:colcon.colcon_parallel_executor.executor.parallel:run_until_complete
[0.105s] INFO:colcon.colcon_ros.task.ament_cmake.build:Building ROS package in '/home/a/Desktop/yhan/Sources/ros2_ws/src/cv_msg' with build type 'ament_cmake'
[0.105s] INFO:colcon.colcon_cmake.task.cmake.build:Building CMake package in '/home/a/Desktop/yhan/Sources/ros2_ws/src/cv_msg'
[0.106s] INFO:colcon.colcon_core.plugin_system:Skipping extension 'colcon_core.shell.bat': Not used on non-Windows systems
[0.106s] INFO:colcon.colcon_core.shell:Skip shell extension 'powershell' for command environment: Not usable outside of PowerShell
[0.106s] DEBUG:colcon.colcon_core.shell:Skip shell extension 'dsv' for command environment
[0.110s] DEBUG:colcon.colcon_core.event_handler.log_command:Invoking command in '/home/a/Desktop/yhan/Sources/ros2_ws/src/build/cv_msg': CMAKE_PREFIX_PATH=${CMAKE_PREFIX_PATH}:/home/a/Desktop/yhan/Sources/ros2_ws/install/ros_topic:/opt/ros/humble /home/a/.local/bin/cmake /home/a/Desktop/yhan/Sources/ros2_ws/src/cv_msg -DCMAKE_INSTALL_PREFIX=/home/a/Desktop/yhan/Sources/ros2_ws/src/install/cv_msg
[0.567s] DEBUG:colcon.colcon_core.event_handler.log_command:Invoked command in '/home/a/Desktop/yhan/Sources/ros2_ws/src/build/cv_msg' returned '0': CMAKE_PREFIX_PATH=${CMAKE_PREFIX_PATH}:/home/a/Desktop/yhan/Sources/ros2_ws/install/ros_topic:/opt/ros/humble /home/a/.local/bin/cmake /home/a/Desktop/yhan/Sources/ros2_ws/src/cv_msg -DCMAKE_INSTALL_PREFIX=/home/a/Desktop/yhan/Sources/ros2_ws/src/install/cv_msg
[0.568s] DEBUG:colcon.colcon_core.event_handler.log_command:Invoking command in '/home/a/Desktop/yhan/Sources/ros2_ws/src/build/cv_msg': CMAKE_PREFIX_PATH=${CMAKE_PREFIX_PATH}:/home/a/Desktop/yhan/Sources/ros2_ws/install/ros_topic:/opt/ros/humble /home/a/.local/bin/cmake --build /home/a/Desktop/yhan/Sources/ros2_ws/src/build/cv_msg -- -j24 -l24
[1.654s] DEBUG:colcon.colcon_core.event_handler.log_command:Invoked command in '/home/a/Desktop/yhan/Sources/ros2_ws/src/build/cv_msg' returned '0': CMAKE_PREFIX_PATH=${CMAKE_PREFIX_PATH}:/home/a/Desktop/yhan/Sources/ros2_ws/install/ros_topic:/opt/ros/humble /home/a/.local/bin/cmake --build /home/a/Desktop/yhan/Sources/ros2_ws/src/build/cv_msg -- -j24 -l24
[1.670s] DEBUG:colcon.colcon_core.event_handler.log_command:Invoking command in '/home/a/Desktop/yhan/Sources/ros2_ws/src/build/cv_msg': CMAKE_PREFIX_PATH=${CMAKE_PREFIX_PATH}:/home/a/Desktop/yhan/Sources/ros2_ws/install/ros_topic:/opt/ros/humble /home/a/.local/bin/cmake --install /home/a/Desktop/yhan/Sources/ros2_ws/src/build/cv_msg
[1.723s] Level 1:colcon.colcon_core.environment:create_environment_scripts_only(cv_msg)
[1.723s] DEBUG:colcon.colcon_core.event_handler.log_command:Invoked command in '/home/a/Desktop/yhan/Sources/ros2_ws/src/build/cv_msg' returned '0': CMAKE_PREFIX_PATH=${CMAKE_PREFIX_PATH}:/home/a/Desktop/yhan/Sources/ros2_ws/install/ros_topic:/opt/ros/humble /home/a/.local/bin/cmake --install /home/a/Desktop/yhan/Sources/ros2_ws/src/build/cv_msg
[1.725s] Level 1:colcon.colcon_core.environment:checking '/home/a/Desktop/yhan/Sources/ros2_ws/src/install/cv_msg' for CMake module files
[1.725s] Level 1:colcon.colcon_core.environment:checking '/home/a/Desktop/yhan/Sources/ros2_ws/src/install/cv_msg' for CMake config files
[1.725s] Level 1:colcon.colcon_core.shell:create_environment_hook('cv_msg', 'cmake_prefix_path')
[1.725s] INFO:colcon.colcon_core.shell:Creating environment hook '/home/a/Desktop/yhan/Sources/ros2_ws/src/install/cv_msg/share/cv_msg/hook/cmake_prefix_path.ps1'
[1.726s] INFO:colcon.colcon_core.shell:Creating environment descriptor '/home/a/Desktop/yhan/Sources/ros2_ws/src/install/cv_msg/share/cv_msg/hook/cmake_prefix_path.dsv'
[1.732s] INFO:colcon.colcon_core.shell:Creating environment hook '/home/a/Desktop/yhan/Sources/ros2_ws/src/install/cv_msg/share/cv_msg/hook/cmake_prefix_path.sh'
[1.732s] Level 1:colcon.colcon_core.environment:checking '/home/a/Desktop/yhan/Sources/ros2_ws/src/install/cv_msg/lib'
[1.732s] Level 1:colcon.colcon_core.shell:create_environment_hook('cv_msg', 'ld_library_path_lib')
[1.732s] INFO:colcon.colcon_core.shell:Creating environment hook '/home/a/Desktop/yhan/Sources/ros2_ws/src/install/cv_msg/share/cv_msg/hook/ld_library_path_lib.ps1'
[1.732s] INFO:colcon.colcon_core.shell:Creating environment descriptor '/home/a/Desktop/yhan/Sources/ros2_ws/src/install/cv_msg/share/cv_msg/hook/ld_library_path_lib.dsv'
[1.732s] INFO:colcon.colcon_core.shell:Creating environment hook '/home/a/Desktop/yhan/Sources/ros2_ws/src/install/cv_msg/share/cv_msg/hook/ld_library_path_lib.sh'
[1.733s] Level 1:colcon.colcon_core.environment:checking '/home/a/Desktop/yhan/Sources/ros2_ws/src/install/cv_msg/bin'
[1.733s] Level 1:colcon.colcon_core.environment:checking '/home/a/Desktop/yhan/Sources/ros2_ws/src/install/cv_msg/lib/pkgconfig/cv_msg.pc'
[1.733s] Level 1:colcon.colcon_core.environment:checking '/home/a/Desktop/yhan/Sources/ros2_ws/src/install/cv_msg/lib/python3.10/site-packages'
[1.733s] Level 1:colcon.colcon_core.environment:checking '/home/a/Desktop/yhan/Sources/ros2_ws/src/install/cv_msg/bin'
[1.733s] INFO:colcon.colcon_core.shell:Creating package script '/home/a/Desktop/yhan/Sources/ros2_ws/src/install/cv_msg/share/cv_msg/package.ps1'
[1.734s] INFO:colcon.colcon_core.shell:Creating package descriptor '/home/a/Desktop/yhan/Sources/ros2_ws/src/install/cv_msg/share/cv_msg/package.dsv'
[1.734s] INFO:colcon.colcon_core.shell:Creating package script '/home/a/Desktop/yhan/Sources/ros2_ws/src/install/cv_msg/share/cv_msg/package.sh'
[1.734s] INFO:colcon.colcon_core.shell:Creating package script '/home/a/Desktop/yhan/Sources/ros2_ws/src/install/cv_msg/share/cv_msg/package.bash'
[1.734s] INFO:colcon.colcon_core.shell:Creating package script '/home/a/Desktop/yhan/Sources/ros2_ws/src/install/cv_msg/share/cv_msg/package.zsh'
[1.735s] Level 1:colcon.colcon_core.environment:create_file_with_runtime_dependencies(/home/a/Desktop/yhan/Sources/ros2_ws/src/install/cv_msg/share/colcon-core/packages/cv_msg)
[1.735s] Level 1:colcon.colcon_core.environment:create_environment_scripts_only(cv_msg)
[1.735s] Level 1:colcon.colcon_core.environment:checking '/home/a/Desktop/yhan/Sources/ros2_ws/src/install/cv_msg' for CMake module files
[1.735s] Level 1:colcon.colcon_core.environment:checking '/home/a/Desktop/yhan/Sources/ros2_ws/src/install/cv_msg' for CMake config files
[1.735s] Level 1:colcon.colcon_core.shell:create_environment_hook('cv_msg', 'cmake_prefix_path')
[1.735s] INFO:colcon.colcon_core.shell:Creating environment hook '/home/a/Desktop/yhan/Sources/ros2_ws/src/install/cv_msg/share/cv_msg/hook/cmake_prefix_path.ps1'
[1.736s] INFO:colcon.colcon_core.shell:Creating environment descriptor '/home/a/Desktop/yhan/Sources/ros2_ws/src/install/cv_msg/share/cv_msg/hook/cmake_prefix_path.dsv'
[1.736s] INFO:colcon.colcon_core.shell:Creating environment hook '/home/a/Desktop/yhan/Sources/ros2_ws/src/install/cv_msg/share/cv_msg/hook/cmake_prefix_path.sh'
[1.736s] Level 1:colcon.colcon_core.environment:checking '/home/a/Desktop/yhan/Sources/ros2_ws/src/install/cv_msg/lib'
[1.736s] Level 1:colcon.colcon_core.shell:create_environment_hook('cv_msg', 'ld_library_path_lib')
[1.736s] INFO:colcon.colcon_core.shell:Creating environment hook '/home/a/Desktop/yhan/Sources/ros2_ws/src/install/cv_msg/share/cv_msg/hook/ld_library_path_lib.ps1'
[1.736s] INFO:colcon.colcon_core.shell:Creating environment descriptor '/home/a/Desktop/yhan/Sources/ros2_ws/src/install/cv_msg/share/cv_msg/hook/ld_library_path_lib.dsv'
[1.736s] INFO:colcon.colcon_core.shell:Creating environment hook '/home/a/Desktop/yhan/Sources/ros2_ws/src/install/cv_msg/share/cv_msg/hook/ld_library_path_lib.sh'
[1.736s] Level 1:colcon.colcon_core.environment:checking '/home/a/Desktop/yhan/Sources/ros2_ws/src/install/cv_msg/bin'
[1.736s] Level 1:colcon.colcon_core.environment:checking '/home/a/Desktop/yhan/Sources/ros2_ws/src/install/cv_msg/lib/pkgconfig/cv_msg.pc'
[1.737s] Level 1:colcon.colcon_core.environment:checking '/home/a/Desktop/yhan/Sources/ros2_ws/src/install/cv_msg/lib/python3.10/site-packages'
[1.737s] Level 1:colcon.colcon_core.environment:checking '/home/a/Desktop/yhan/Sources/ros2_ws/src/install/cv_msg/bin'
[1.737s] INFO:colcon.colcon_core.shell:Creating package script '/home/a/Desktop/yhan/Sources/ros2_ws/src/install/cv_msg/share/cv_msg/package.ps1'
[1.737s] INFO:colcon.colcon_core.shell:Creating package descriptor '/home/a/Desktop/yhan/Sources/ros2_ws/src/install/cv_msg/share/cv_msg/package.dsv'
[1.737s] INFO:colcon.colcon_core.shell:Creating package script '/home/a/Desktop/yhan/Sources/ros2_ws/src/install/cv_msg/share/cv_msg/package.sh'
[1.738s] INFO:colcon.colcon_core.shell:Creating package script '/home/a/Desktop/yhan/Sources/ros2_ws/src/install/cv_msg/share/cv_msg/package.bash'
[1.738s] INFO:colcon.colcon_core.shell:Creating package script '/home/a/Desktop/yhan/Sources/ros2_ws/src/install/cv_msg/share/cv_msg/package.zsh'
[1.738s] Level 1:colcon.colcon_core.environment:create_file_with_runtime_dependencies(/home/a/Desktop/yhan/Sources/ros2_ws/src/install/cv_msg/share/colcon-core/packages/cv_msg)
[1.738s] DEBUG:colcon.colcon_parallel_executor.executor.parallel:closing loop
[1.738s] DEBUG:colcon.colcon_parallel_executor.executor.parallel:loop closed
[1.738s] DEBUG:colcon.colcon_parallel_executor.executor.parallel:run_until_complete finished with '0'
[1.738s] DEBUG:colcon.colcon_core.event_reactor:joining thread
[1.741s] INFO:colcon.colcon_core.plugin_system:Skipping extension 'colcon_notification.desktop_notification.terminal_notifier': Not used on non-Darwin systems
[1.741s] INFO:colcon.colcon_core.plugin_system:Skipping extension 'colcon_notification.desktop_notification.win32': Not used on non-Windows systems
[1.741s] INFO:colcon.colcon_notification.desktop_notification:Sending desktop notification using 'notify2'
[1.749s] DEBUG:colcon.colcon_core.event_reactor:joined thread
[1.749s] INFO:colcon.colcon_core.shell:Creating prefix script '/home/a/Desktop/yhan/Sources/ros2_ws/src/install/local_setup.ps1'
[1.749s] INFO:colcon.colcon_core.shell:Creating prefix util module '/home/a/Desktop/yhan/Sources/ros2_ws/src/install/_local_setup_util_ps1.py'
[1.750s] INFO:colcon.colcon_core.shell:Creating prefix chain script '/home/a/Desktop/yhan/Sources/ros2_ws/src/install/setup.ps1'
[1.750s] INFO:colcon.colcon_core.shell:Creating prefix script '/home/a/Desktop/yhan/Sources/ros2_ws/src/install/local_setup.sh'
[1.750s] INFO:colcon.colcon_core.shell:Creating prefix util module '/home/a/Desktop/yhan/Sources/ros2_ws/src/install/_local_setup_util_sh.py'
[1.751s] INFO:colcon.colcon_core.shell:Creating prefix chain script '/home/a/Desktop/yhan/Sources/ros2_ws/src/install/setup.sh'
[1.751s] INFO:colcon.colcon_core.shell:Creating prefix script '/home/a/Desktop/yhan/Sources/ros2_ws/src/install/local_setup.bash'
[1.751s] INFO:colcon.colcon_core.shell:Creating prefix chain script '/home/a/Desktop/yhan/Sources/ros2_ws/src/install/setup.bash'
[1.751s] INFO:colcon.colcon_core.shell:Creating prefix script '/home/a/Desktop/yhan/Sources/ros2_ws/src/install/local_setup.zsh'
[1.752s] INFO:colcon.colcon_core.shell:Creating prefix chain script '/home/a/Desktop/yhan/Sources/ros2_ws/src/install/setup.zsh'
