[0.005s] Invoking command in '/home/a/Desktop/yhan/Sources/ros2_ws/src/build/cv_msg': CMAKE_PREFIX_PATH=${CMAKE_PREFIX_PATH}:/home/a/Desktop/yhan/Sources/ros2_ws/install/ros_topic:/opt/ros/humble /home/a/.local/bin/cmake /home/a/Desktop/yhan/Sources/ros2_ws/src/cv_msg -DCMAKE_INSTALL_PREFIX=/home/a/Desktop/yhan/Sources/ros2_ws/src/install/cv_msg
[0.018s] [33mCMake Warning (dev) at CMakeLists.txt:17:
[0.018s]   Syntax Warning in cmake code at column 24
[0.018s] 
[0.018s]   Argument not separated from preceding token by whitespace.
[0.018s] This warning is for project developers.  Use -Wno-dev to suppress it.
[0.018s] [0m
[0.018s] [33mCMake Warning (dev) at CMakeLists.txt:18:
[0.018s]   Syntax Warning in cmake code at column 24
[0.018s] 
[0.018s]   Argument not separated from preceding token by whitespace.
[0.018s] This warning is for project developers.  Use -Wno-dev to suppress it.
[0.018s] [0m
[0.020s] -- Found ament_cmake: 1.3.14 (/opt/ros/humble/share/ament_cmake/cmake)
[0.070s] -- Found rosidl_default_generators: 1.2.1 (/opt/ros/humble/share/rosidl_default_generators/cmake)
[0.071s] -- Using all available rosidl_typesupport_c: rosidl_typesupport_fastrtps_c;rosidl_typesupport_introspection_c
[0.073s] -- Found rosidl_adapter: 3.1.8 (/opt/ros/humble/share/rosidl_adapter/cmake)
[0.089s] -- Using all available rosidl_typesupport_cpp: rosidl_typesupport_fastrtps_cpp;rosidl_typesupport_introspection_cpp
[0.105s] [31mCMake Error at /opt/ros/humble/share/rosidl_cmake/cmake/rosidl_generate_interfaces.cmake:93 (message):
[0.106s]   rosidl_generate_interfaces() the passed file ',' doesn't exist relative to
[0.106s]   the CMAKE_CURRENT_SOURCE_DIR
[0.106s]   '/home/a/Desktop/yhan/Sources/ros2_ws/src/cv_msg'
[0.106s] Call Stack (most recent call first):
[0.106s]   CMakeLists.txt:16 (rosidl_generate_interfaces)
[0.106s] 
[0.106s] [0m
[0.106s] -- Configuring incomplete, errors occurred!
[0.106s] See also "/home/a/Desktop/yhan/Sources/ros2_ws/src/build/cv_msg/CMakeFiles/CMakeOutput.log".
[0.110s] Invoked command in '/home/a/Desktop/yhan/Sources/ros2_ws/src/build/cv_msg' returned '1': CMAKE_PREFIX_PATH=${CMAKE_PREFIX_PATH}:/home/a/Desktop/yhan/Sources/ros2_ws/install/ros_topic:/opt/ros/humble /home/a/.local/bin/cmake /home/a/Desktop/yhan/Sources/ros2_ws/src/cv_msg -DCMAKE_INSTALL_PREFIX=/home/a/Desktop/yhan/Sources/ros2_ws/src/install/cv_msg
