-- Found ament_cmake: 1.3.14 (/opt/ros/humble/share/ament_cmake/cmake)
-- Found rosidl_default_generators: 1.2.1 (/opt/ros/humble/share/rosidl_default_generators/cmake)
-- Using all available rosidl_typesupport_c: rosidl_typesupport_fastrtps_c;rosidl_typesupport_introspection_c
-- Found rosidl_adapter: 3.1.8 (/opt/ros/humble/share/rosidl_adapter/cmake)
-- Using all available rosidl_typesupport_cpp: rosidl_typesupport_fastrtps_cpp;rosidl_typesupport_introspection_cpp
-- Found ament_cmake_ros: 0.10.0 (/opt/ros/humble/share/ament_cmake_ros/cmake)
-- Using all available rosidl_typesupport_c: rosidl_typesupport_fastrtps_c;rosidl_typesupport_introspection_c
-- Using all available rosidl_typesupport_cpp: rosidl_typesupport_fastrtps_cpp;rosidl_typesupport_introspection_cpp
-- Found PythonInterp: /usr/bin/python3 (found suitable version "3.10.12", minimum required is "3.6") 
-- Found python_cmake_module: 0.10.0 (/opt/ros/humble/share/python_cmake_module/cmake)
-- Found PythonLibs: /usr/lib/x86_64-linux-gnu/libpython3.10.so (found suitable version "3.10.12", minimum required is "3.5") 
-- Using PYTHON_EXECUTABLE: /usr/bin/python3
-- Using PYTHON_INCLUDE_DIRS: /usr/include/python3.10
-- Using PYTHON_LIBRARIES: /usr/lib/x86_64-linux-gnu/libpython3.10.so
-- Found PythonExtra: .so  
-- Found ament_lint_auto: 0.12.15 (/opt/ros/humble/share/ament_lint_auto/cmake)
-- Added test 'lint_cmake' to check CMake code style
-- Added test 'xmllint' to check XML markup files
-- Configuring done
-- Generating done
-- Build files have been written to: /home/a/Desktop/yhan/Sources/ros2_ws/src/build/cv_msg
[  2%] [34m[1mGenerating C code for ROS interfaces[0m
[  4%] [34m[1mGenerating Rust code for ROS interfaces[0m
[  6%] [34m[1mGenerating C++ code for ROS interfaces[0m
[  6%] Built target ament_cmake_python_copy_cv_msg
running egg_info
creating cv_msg.egg-info
writing cv_msg.egg-info/PKG-INFO
writing dependency_links to cv_msg.egg-info/dependency_links.txt
writing top-level names to cv_msg.egg-info/top_level.txt
writing manifest file 'cv_msg.egg-info/SOURCES.txt'
reading manifest file 'cv_msg.egg-info/SOURCES.txt'
writing manifest file 'cv_msg.egg-info/SOURCES.txt'
[  6%] Built target cv_msg__rs
[  6%] Built target ament_cmake_python_build_cv_msg_egg
[ 10%] [32mBuilding C object CMakeFiles/cv_msg__rosidl_generator_c.dir/rosidl_generator_c/cv_msg/srv/detail/srv_addint__functions.c.o[0m
[ 10%] [32mBuilding C object CMakeFiles/cv_msg__rosidl_generator_c.dir/rosidl_generator_c/cv_msg/msg/detail/msg_center__functions.c.o[0m
[ 12%] [32mBuilding C object CMakeFiles/cv_msg__rosidl_generator_c.dir/rosidl_generator_c/cv_msg/srv/detail/srv_arduino__functions.c.o[0m
[ 12%] Built target cv_msg__cpp
[ 14%] [34m[1mGenerating C++ type support dispatch for ROS interfaces[0m
[ 16%] [34m[1mGenerating C++ type support for eProsima Fast-RTPS[0m
[ 18%] [34m[1mGenerating C++ introspection for ROS interfaces[0m
[ 20%] [32m[1mLinking C shared library libcv_msg__rosidl_generator_c.so[0m
[ 20%] Built target cv_msg__rosidl_generator_c
[ 27%] [34m[1mGenerating C introspection for ROS interfaces[0m
[ 27%] [34m[1mGenerating C type support for eProsima Fast-RTPS[0m
[ 27%] [34m[1mGenerating C type support dispatch for ROS interfaces[0m
[ 29%] [32mBuilding CXX object CMakeFiles/cv_msg__rosidl_typesupport_cpp.dir/rosidl_typesupport_cpp/cv_msg/msg/msg_center__type_support.cpp.o[0m
[ 31%] [32mBuilding CXX object CMakeFiles/cv_msg__rosidl_typesupport_cpp.dir/rosidl_typesupport_cpp/cv_msg/srv/srv_addint__type_support.cpp.o[0m
[ 33%] [32mBuilding CXX object CMakeFiles/cv_msg__rosidl_typesupport_cpp.dir/rosidl_typesupport_cpp/cv_msg/srv/srv_arduino__type_support.cpp.o[0m
[ 35%] [32mBuilding CXX object CMakeFiles/cv_msg__rosidl_typesupport_introspection_cpp.dir/rosidl_typesupport_introspection_cpp/cv_msg/srv/detail/srv_addint__type_support.cpp.o[0m
[ 37%] [32mBuilding CXX object CMakeFiles/cv_msg__rosidl_typesupport_introspection_cpp.dir/rosidl_typesupport_introspection_cpp/cv_msg/srv/detail/srv_arduino__type_support.cpp.o[0m
[ 39%] [32mBuilding CXX object CMakeFiles/cv_msg__rosidl_typesupport_introspection_cpp.dir/rosidl_typesupport_introspection_cpp/cv_msg/msg/detail/msg_center__type_support.cpp.o[0m
[ 41%] [32mBuilding CXX object CMakeFiles/cv_msg__rosidl_typesupport_fastrtps_cpp.dir/rosidl_typesupport_fastrtps_cpp/cv_msg/srv/detail/dds_fastrtps/srv_addint__type_support.cpp.o[0m
[ 43%] [32mBuilding CXX object CMakeFiles/cv_msg__rosidl_typesupport_fastrtps_cpp.dir/rosidl_typesupport_fastrtps_cpp/cv_msg/srv/detail/dds_fastrtps/srv_arduino__type_support.cpp.o[0m
[ 45%] [32mBuilding CXX object CMakeFiles/cv_msg__rosidl_typesupport_fastrtps_cpp.dir/rosidl_typesupport_fastrtps_cpp/cv_msg/msg/detail/dds_fastrtps/msg_center__type_support.cpp.o[0m
[ 47%] [32mBuilding CXX object CMakeFiles/cv_msg__rosidl_typesupport_c.dir/rosidl_typesupport_c/cv_msg/srv/srv_addint__type_support.cpp.o[0m
[ 52%] [32mBuilding CXX object CMakeFiles/cv_msg__rosidl_typesupport_c.dir/rosidl_typesupport_c/cv_msg/msg/msg_center__type_support.cpp.o[0m
[ 52%] [32mBuilding CXX object CMakeFiles/cv_msg__rosidl_typesupport_c.dir/rosidl_typesupport_c/cv_msg/srv/srv_arduino__type_support.cpp.o[0m
[ 54%] [32m[1mLinking CXX shared library libcv_msg__rosidl_typesupport_c.so[0m
[ 56%] [32mBuilding C object CMakeFiles/cv_msg__rosidl_typesupport_introspection_c.dir/rosidl_typesupport_introspection_c/cv_msg/srv/detail/srv_arduino__type_support.c.o[0m
[ 60%] [32mBuilding C object CMakeFiles/cv_msg__rosidl_typesupport_introspection_c.dir/rosidl_typesupport_introspection_c/cv_msg/srv/detail/srv_addint__type_support.c.o[0m
[ 60%] [32mBuilding C object CMakeFiles/cv_msg__rosidl_typesupport_introspection_c.dir/rosidl_typesupport_introspection_c/cv_msg/msg/detail/msg_center__type_support.c.o[0m
[ 62%] [32mBuilding CXX object CMakeFiles/cv_msg__rosidl_typesupport_fastrtps_c.dir/rosidl_typesupport_fastrtps_c/cv_msg/srv/detail/srv_arduino__type_support_c.cpp.o[0m
[ 64%] [32mBuilding CXX object CMakeFiles/cv_msg__rosidl_typesupport_fastrtps_c.dir/rosidl_typesupport_fastrtps_c/cv_msg/srv/detail/srv_addint__type_support_c.cpp.o[0m
[ 66%] [32mBuilding CXX object CMakeFiles/cv_msg__rosidl_typesupport_fastrtps_c.dir/rosidl_typesupport_fastrtps_c/cv_msg/msg/detail/msg_center__type_support_c.cpp.o[0m
[ 66%] Built target cv_msg__rosidl_typesupport_c
[ 68%] [32m[1mLinking C shared library libcv_msg__rosidl_typesupport_introspection_c.so[0m
[ 68%] Built target cv_msg__rosidl_typesupport_introspection_c
[ 70%] [32m[1mLinking CXX shared library libcv_msg__rosidl_typesupport_cpp.so[0m
[ 70%] Built target cv_msg__rosidl_typesupport_cpp
[ 72%] [32m[1mLinking CXX shared library libcv_msg__rosidl_typesupport_fastrtps_c.so[0m
[ 72%] Built target cv_msg__rosidl_typesupport_fastrtps_c
[ 75%] [32m[1mLinking CXX shared library libcv_msg__rosidl_typesupport_introspection_cpp.so[0m
[ 77%] [32m[1mLinking CXX shared library libcv_msg__rosidl_typesupport_fastrtps_cpp.so[0m
[ 77%] Built target cv_msg__rosidl_typesupport_introspection_cpp
[ 77%] Built target cv_msg__rosidl_typesupport_fastrtps_cpp
[ 77%] Built target cv_msg
[ 79%] [34m[1mGenerating Python code for ROS interfaces[0m
[ 79%] Built target cv_msg__py
[ 81%] [32mBuilding C object CMakeFiles/cv_msg__rosidl_generator_py.dir/rosidl_generator_py/cv_msg/msg/_msg_center_s.c.o[0m
[ 83%] [32mBuilding C object CMakeFiles/cv_msg__rosidl_generator_py.dir/rosidl_generator_py/cv_msg/srv/_srv_arduino_s.c.o[0m
[ 85%] [32mBuilding C object CMakeFiles/cv_msg__rosidl_generator_py.dir/rosidl_generator_py/cv_msg/srv/_srv_addint_s.c.o[0m
[ 87%] [32m[1mLinking C shared library rosidl_generator_py/cv_msg/libcv_msg__rosidl_generator_py.so[0m
[ 87%] Built target cv_msg__rosidl_generator_py
[ 89%] [32mBuilding C object CMakeFiles/cv_msg__rosidl_typesupport_introspection_c__pyext.dir/rosidl_generator_py/cv_msg/_cv_msg_s.ep.rosidl_typesupport_introspection_c.c.o[0m
[ 91%] [32mBuilding C object CMakeFiles/cv_msg__rosidl_typesupport_fastrtps_c__pyext.dir/rosidl_generator_py/cv_msg/_cv_msg_s.ep.rosidl_typesupport_fastrtps_c.c.o[0m
[ 93%] [32mBuilding C object CMakeFiles/cv_msg__rosidl_typesupport_c__pyext.dir/rosidl_generator_py/cv_msg/_cv_msg_s.ep.rosidl_typesupport_c.c.o[0m
[ 95%] [32m[1mLinking C shared library rosidl_generator_py/cv_msg/cv_msg_s__rosidl_typesupport_fastrtps_c.cpython-310-x86_64-linux-gnu.so[0m
[100%] [32m[1mLinking C shared library rosidl_generator_py/cv_msg/cv_msg_s__rosidl_typesupport_introspection_c.cpython-310-x86_64-linux-gnu.so[0m
[100%] [32m[1mLinking C shared library rosidl_generator_py/cv_msg/cv_msg_s__rosidl_typesupport_c.cpython-310-x86_64-linux-gnu.so[0m
[100%] Built target cv_msg__rosidl_typesupport_introspection_c__pyext
[100%] Built target cv_msg__rosidl_typesupport_c__pyext
[100%] Built target cv_msg__rosidl_typesupport_fastrtps_c__pyext
-- Install configuration: ""
-- Installing: /home/a/Desktop/yhan/Sources/ros2_ws/src/install/cv_msg/share/ament_index/resource_index/rosidl_interfaces/cv_msg
-- Installing: /home/a/Desktop/yhan/Sources/ros2_ws/src/install/cv_msg/include/cv_msg/cv_msg
-- Installing: /home/a/Desktop/yhan/Sources/ros2_ws/src/install/cv_msg/include/cv_msg/cv_msg/msg
-- Installing: /home/a/Desktop/yhan/Sources/ros2_ws/src/install/cv_msg/include/cv_msg/cv_msg/msg/msg_center.h
-- Installing: /home/a/Desktop/yhan/Sources/ros2_ws/src/install/cv_msg/include/cv_msg/cv_msg/msg/rosidl_generator_c__visibility_control.h
-- Installing: /home/a/Desktop/yhan/Sources/ros2_ws/src/install/cv_msg/include/cv_msg/cv_msg/msg/detail
-- Installing: /home/a/Desktop/yhan/Sources/ros2_ws/src/install/cv_msg/include/cv_msg/cv_msg/msg/detail/msg_center__type_support.h
-- Installing: /home/a/Desktop/yhan/Sources/ros2_ws/src/install/cv_msg/include/cv_msg/cv_msg/msg/detail/msg_center__struct.h
-- Installing: /home/a/Desktop/yhan/Sources/ros2_ws/src/install/cv_msg/include/cv_msg/cv_msg/msg/detail/msg_center__functions.h
-- Installing: /home/a/Desktop/yhan/Sources/ros2_ws/src/install/cv_msg/include/cv_msg/cv_msg/msg/detail/msg_center__functions.c
-- Installing: /home/a/Desktop/yhan/Sources/ros2_ws/src/install/cv_msg/include/cv_msg/cv_msg/srv
-- Installing: /home/a/Desktop/yhan/Sources/ros2_ws/src/install/cv_msg/include/cv_msg/cv_msg/srv/srv_arduino.h
-- Installing: /home/a/Desktop/yhan/Sources/ros2_ws/src/install/cv_msg/include/cv_msg/cv_msg/srv/srv_addint.h
-- Installing: /home/a/Desktop/yhan/Sources/ros2_ws/src/install/cv_msg/include/cv_msg/cv_msg/srv/detail
-- Installing: /home/a/Desktop/yhan/Sources/ros2_ws/src/install/cv_msg/include/cv_msg/cv_msg/srv/detail/srv_arduino__functions.h
-- Installing: /home/a/Desktop/yhan/Sources/ros2_ws/src/install/cv_msg/include/cv_msg/cv_msg/srv/detail/srv_addint__functions.c
-- Installing: /home/a/Desktop/yhan/Sources/ros2_ws/src/install/cv_msg/include/cv_msg/cv_msg/srv/detail/srv_addint__struct.h
-- Installing: /home/a/Desktop/yhan/Sources/ros2_ws/src/install/cv_msg/include/cv_msg/cv_msg/srv/detail/srv_addint__functions.h
-- Installing: /home/a/Desktop/yhan/Sources/ros2_ws/src/install/cv_msg/include/cv_msg/cv_msg/srv/detail/srv_arduino__struct.h
-- Installing: /home/a/Desktop/yhan/Sources/ros2_ws/src/install/cv_msg/include/cv_msg/cv_msg/srv/detail/srv_arduino__functions.c
-- Installing: /home/a/Desktop/yhan/Sources/ros2_ws/src/install/cv_msg/include/cv_msg/cv_msg/srv/detail/srv_addint__type_support.h
-- Installing: /home/a/Desktop/yhan/Sources/ros2_ws/src/install/cv_msg/include/cv_msg/cv_msg/srv/detail/srv_arduino__type_support.h
-- Installing: /home/a/Desktop/yhan/Sources/ros2_ws/src/install/cv_msg/share/cv_msg/environment/library_path.sh
-- Installing: /home/a/Desktop/yhan/Sources/ros2_ws/src/install/cv_msg/share/cv_msg/environment/library_path.dsv
-- Installing: /home/a/Desktop/yhan/Sources/ros2_ws/src/install/cv_msg/lib/libcv_msg__rosidl_generator_c.so
-- Set runtime path of "/home/a/Desktop/yhan/Sources/ros2_ws/src/install/cv_msg/lib/libcv_msg__rosidl_generator_c.so" to ""
-- Up-to-date: /home/a/Desktop/yhan/Sources/ros2_ws/src/install/cv_msg/include/cv_msg/cv_msg
-- Up-to-date: /home/a/Desktop/yhan/Sources/ros2_ws/src/install/cv_msg/include/cv_msg/cv_msg/msg
-- Installing: /home/a/Desktop/yhan/Sources/ros2_ws/src/install/cv_msg/include/cv_msg/cv_msg/msg/rosidl_typesupport_fastrtps_c__visibility_control.h
-- Up-to-date: /home/a/Desktop/yhan/Sources/ros2_ws/src/install/cv_msg/include/cv_msg/cv_msg/msg/detail
-- Installing: /home/a/Desktop/yhan/Sources/ros2_ws/src/install/cv_msg/include/cv_msg/cv_msg/msg/detail/msg_center__rosidl_typesupport_fastrtps_c.h
-- Up-to-date: /home/a/Desktop/yhan/Sources/ros2_ws/src/install/cv_msg/include/cv_msg/cv_msg/srv
-- Up-to-date: /home/a/Desktop/yhan/Sources/ros2_ws/src/install/cv_msg/include/cv_msg/cv_msg/srv/detail
-- Installing: /home/a/Desktop/yhan/Sources/ros2_ws/src/install/cv_msg/include/cv_msg/cv_msg/srv/detail/srv_arduino__rosidl_typesupport_fastrtps_c.h
-- Installing: /home/a/Desktop/yhan/Sources/ros2_ws/src/install/cv_msg/include/cv_msg/cv_msg/srv/detail/srv_addint__rosidl_typesupport_fastrtps_c.h
-- Installing: /home/a/Desktop/yhan/Sources/ros2_ws/src/install/cv_msg/lib/libcv_msg__rosidl_typesupport_fastrtps_c.so
-- Set runtime path of "/home/a/Desktop/yhan/Sources/ros2_ws/src/install/cv_msg/lib/libcv_msg__rosidl_typesupport_fastrtps_c.so" to ""
-- Up-to-date: /home/a/Desktop/yhan/Sources/ros2_ws/src/install/cv_msg/include/cv_msg/cv_msg
-- Up-to-date: /home/a/Desktop/yhan/Sources/ros2_ws/src/install/cv_msg/include/cv_msg/cv_msg/msg
-- Up-to-date: /home/a/Desktop/yhan/Sources/ros2_ws/src/install/cv_msg/include/cv_msg/cv_msg/msg/detail
-- Installing: /home/a/Desktop/yhan/Sources/ros2_ws/src/install/cv_msg/include/cv_msg/cv_msg/msg/detail/msg_center__type_support.c
-- Installing: /home/a/Desktop/yhan/Sources/ros2_ws/src/install/cv_msg/include/cv_msg/cv_msg/msg/detail/msg_center__rosidl_typesupport_introspection_c.h
-- Installing: /home/a/Desktop/yhan/Sources/ros2_ws/src/install/cv_msg/include/cv_msg/cv_msg/msg/rosidl_typesupport_introspection_c__visibility_control.h
-- Up-to-date: /home/a/Desktop/yhan/Sources/ros2_ws/src/install/cv_msg/include/cv_msg/cv_msg/srv
-- Up-to-date: /home/a/Desktop/yhan/Sources/ros2_ws/src/install/cv_msg/include/cv_msg/cv_msg/srv/detail
-- Installing: /home/a/Desktop/yhan/Sources/ros2_ws/src/install/cv_msg/include/cv_msg/cv_msg/srv/detail/srv_addint__type_support.c
-- Installing: /home/a/Desktop/yhan/Sources/ros2_ws/src/install/cv_msg/include/cv_msg/cv_msg/srv/detail/srv_arduino__type_support.c
-- Installing: /home/a/Desktop/yhan/Sources/ros2_ws/src/install/cv_msg/include/cv_msg/cv_msg/srv/detail/srv_addint__rosidl_typesupport_introspection_c.h
-- Installing: /home/a/Desktop/yhan/Sources/ros2_ws/src/install/cv_msg/include/cv_msg/cv_msg/srv/detail/srv_arduino__rosidl_typesupport_introspection_c.h
-- Installing: /home/a/Desktop/yhan/Sources/ros2_ws/src/install/cv_msg/lib/libcv_msg__rosidl_typesupport_introspection_c.so
-- Set runtime path of "/home/a/Desktop/yhan/Sources/ros2_ws/src/install/cv_msg/lib/libcv_msg__rosidl_typesupport_introspection_c.so" to ""
-- Installing: /home/a/Desktop/yhan/Sources/ros2_ws/src/install/cv_msg/lib/libcv_msg__rosidl_typesupport_c.so
-- Set runtime path of "/home/a/Desktop/yhan/Sources/ros2_ws/src/install/cv_msg/lib/libcv_msg__rosidl_typesupport_c.so" to ""
-- Up-to-date: /home/a/Desktop/yhan/Sources/ros2_ws/src/install/cv_msg/include/cv_msg/cv_msg
-- Up-to-date: /home/a/Desktop/yhan/Sources/ros2_ws/src/install/cv_msg/include/cv_msg/cv_msg/msg
-- Installing: /home/a/Desktop/yhan/Sources/ros2_ws/src/install/cv_msg/include/cv_msg/cv_msg/msg/rosidl_generator_cpp__visibility_control.hpp
-- Installing: /home/a/Desktop/yhan/Sources/ros2_ws/src/install/cv_msg/include/cv_msg/cv_msg/msg/msg_center.hpp
-- Up-to-date: /home/a/Desktop/yhan/Sources/ros2_ws/src/install/cv_msg/include/cv_msg/cv_msg/msg/detail
-- Installing: /home/a/Desktop/yhan/Sources/ros2_ws/src/install/cv_msg/include/cv_msg/cv_msg/msg/detail/msg_center__type_support.hpp
-- Installing: /home/a/Desktop/yhan/Sources/ros2_ws/src/install/cv_msg/include/cv_msg/cv_msg/msg/detail/msg_center__traits.hpp
-- Installing: /home/a/Desktop/yhan/Sources/ros2_ws/src/install/cv_msg/include/cv_msg/cv_msg/msg/detail/msg_center__struct.hpp
-- Installing: /home/a/Desktop/yhan/Sources/ros2_ws/src/install/cv_msg/include/cv_msg/cv_msg/msg/detail/msg_center__builder.hpp
-- Up-to-date: /home/a/Desktop/yhan/Sources/ros2_ws/src/install/cv_msg/include/cv_msg/cv_msg/srv
-- Installing: /home/a/Desktop/yhan/Sources/ros2_ws/src/install/cv_msg/include/cv_msg/cv_msg/srv/srv_addint.hpp
-- Up-to-date: /home/a/Desktop/yhan/Sources/ros2_ws/src/install/cv_msg/include/cv_msg/cv_msg/srv/detail
-- Installing: /home/a/Desktop/yhan/Sources/ros2_ws/src/install/cv_msg/include/cv_msg/cv_msg/srv/detail/srv_addint__type_support.hpp
-- Installing: /home/a/Desktop/yhan/Sources/ros2_ws/src/install/cv_msg/include/cv_msg/cv_msg/srv/detail/srv_arduino__traits.hpp
-- Installing: /home/a/Desktop/yhan/Sources/ros2_ws/src/install/cv_msg/include/cv_msg/cv_msg/srv/detail/srv_addint__builder.hpp
-- Installing: /home/a/Desktop/yhan/Sources/ros2_ws/src/install/cv_msg/include/cv_msg/cv_msg/srv/detail/srv_arduino__struct.hpp
-- Installing: /home/a/Desktop/yhan/Sources/ros2_ws/src/install/cv_msg/include/cv_msg/cv_msg/srv/detail/srv_arduino__type_support.hpp
-- Installing: /home/a/Desktop/yhan/Sources/ros2_ws/src/install/cv_msg/include/cv_msg/cv_msg/srv/detail/srv_addint__traits.hpp
-- Installing: /home/a/Desktop/yhan/Sources/ros2_ws/src/install/cv_msg/include/cv_msg/cv_msg/srv/detail/srv_addint__struct.hpp
-- Installing: /home/a/Desktop/yhan/Sources/ros2_ws/src/install/cv_msg/include/cv_msg/cv_msg/srv/detail/srv_arduino__builder.hpp
-- Installing: /home/a/Desktop/yhan/Sources/ros2_ws/src/install/cv_msg/include/cv_msg/cv_msg/srv/srv_arduino.hpp
-- Up-to-date: /home/a/Desktop/yhan/Sources/ros2_ws/src/install/cv_msg/include/cv_msg/cv_msg
-- Up-to-date: /home/a/Desktop/yhan/Sources/ros2_ws/src/install/cv_msg/include/cv_msg/cv_msg/msg
-- Up-to-date: /home/a/Desktop/yhan/Sources/ros2_ws/src/install/cv_msg/include/cv_msg/cv_msg/msg/detail
-- Installing: /home/a/Desktop/yhan/Sources/ros2_ws/src/install/cv_msg/include/cv_msg/cv_msg/msg/detail/msg_center__rosidl_typesupport_fastrtps_cpp.hpp
-- Installing: /home/a/Desktop/yhan/Sources/ros2_ws/src/install/cv_msg/include/cv_msg/cv_msg/msg/detail/dds_fastrtps
-- Installing: /home/a/Desktop/yhan/Sources/ros2_ws/src/install/cv_msg/include/cv_msg/cv_msg/msg/rosidl_typesupport_fastrtps_cpp__visibility_control.h
-- Up-to-date: /home/a/Desktop/yhan/Sources/ros2_ws/src/install/cv_msg/include/cv_msg/cv_msg/srv
-- Up-to-date: /home/a/Desktop/yhan/Sources/ros2_ws/src/install/cv_msg/include/cv_msg/cv_msg/srv/detail
-- Installing: /home/a/Desktop/yhan/Sources/ros2_ws/src/install/cv_msg/include/cv_msg/cv_msg/srv/detail/dds_fastrtps
-- Installing: /home/a/Desktop/yhan/Sources/ros2_ws/src/install/cv_msg/include/cv_msg/cv_msg/srv/detail/srv_arduino__rosidl_typesupport_fastrtps_cpp.hpp
-- Installing: /home/a/Desktop/yhan/Sources/ros2_ws/src/install/cv_msg/include/cv_msg/cv_msg/srv/detail/srv_addint__rosidl_typesupport_fastrtps_cpp.hpp
-- Installing: /home/a/Desktop/yhan/Sources/ros2_ws/src/install/cv_msg/lib/libcv_msg__rosidl_typesupport_fastrtps_cpp.so
-- Set runtime path of "/home/a/Desktop/yhan/Sources/ros2_ws/src/install/cv_msg/lib/libcv_msg__rosidl_typesupport_fastrtps_cpp.so" to ""
-- Up-to-date: /home/a/Desktop/yhan/Sources/ros2_ws/src/install/cv_msg/include/cv_msg/cv_msg
-- Up-to-date: /home/a/Desktop/yhan/Sources/ros2_ws/src/install/cv_msg/include/cv_msg/cv_msg/msg
-- Up-to-date: /home/a/Desktop/yhan/Sources/ros2_ws/src/install/cv_msg/include/cv_msg/cv_msg/msg/detail
-- Installing: /home/a/Desktop/yhan/Sources/ros2_ws/src/install/cv_msg/include/cv_msg/cv_msg/msg/detail/msg_center__rosidl_typesupport_introspection_cpp.hpp
-- Installing: /home/a/Desktop/yhan/Sources/ros2_ws/src/install/cv_msg/include/cv_msg/cv_msg/msg/detail/msg_center__type_support.cpp
-- Up-to-date: /home/a/Desktop/yhan/Sources/ros2_ws/src/install/cv_msg/include/cv_msg/cv_msg/srv
-- Up-to-date: /home/a/Desktop/yhan/Sources/ros2_ws/src/install/cv_msg/include/cv_msg/cv_msg/srv/detail
-- Installing: /home/a/Desktop/yhan/Sources/ros2_ws/src/install/cv_msg/include/cv_msg/cv_msg/srv/detail/srv_arduino__type_support.cpp
-- Installing: /home/a/Desktop/yhan/Sources/ros2_ws/src/install/cv_msg/include/cv_msg/cv_msg/srv/detail/srv_arduino__rosidl_typesupport_introspection_cpp.hpp
-- Installing: /home/a/Desktop/yhan/Sources/ros2_ws/src/install/cv_msg/include/cv_msg/cv_msg/srv/detail/srv_addint__rosidl_typesupport_introspection_cpp.hpp
-- Installing: /home/a/Desktop/yhan/Sources/ros2_ws/src/install/cv_msg/include/cv_msg/cv_msg/srv/detail/srv_addint__type_support.cpp
-- Installing: /home/a/Desktop/yhan/Sources/ros2_ws/src/install/cv_msg/lib/libcv_msg__rosidl_typesupport_introspection_cpp.so
-- Set runtime path of "/home/a/Desktop/yhan/Sources/ros2_ws/src/install/cv_msg/lib/libcv_msg__rosidl_typesupport_introspection_cpp.so" to ""
-- Installing: /home/a/Desktop/yhan/Sources/ros2_ws/src/install/cv_msg/lib/libcv_msg__rosidl_typesupport_cpp.so
-- Set runtime path of "/home/a/Desktop/yhan/Sources/ros2_ws/src/install/cv_msg/lib/libcv_msg__rosidl_typesupport_cpp.so" to ""
-- Installing: /home/a/Desktop/yhan/Sources/ros2_ws/src/install/cv_msg/share/cv_msg/environment/pythonpath.sh
-- Installing: /home/a/Desktop/yhan/Sources/ros2_ws/src/install/cv_msg/share/cv_msg/environment/pythonpath.dsv
-- Installing: /home/a/Desktop/yhan/Sources/ros2_ws/src/install/cv_msg/local/lib/python3.10/dist-packages/cv_msg-0.0.0-py3.10.egg-info
-- Installing: /home/a/Desktop/yhan/Sources/ros2_ws/src/install/cv_msg/local/lib/python3.10/dist-packages/cv_msg-0.0.0-py3.10.egg-info/top_level.txt
-- Installing: /home/a/Desktop/yhan/Sources/ros2_ws/src/install/cv_msg/local/lib/python3.10/dist-packages/cv_msg-0.0.0-py3.10.egg-info/SOURCES.txt
-- Installing: /home/a/Desktop/yhan/Sources/ros2_ws/src/install/cv_msg/local/lib/python3.10/dist-packages/cv_msg-0.0.0-py3.10.egg-info/PKG-INFO
-- Installing: /home/a/Desktop/yhan/Sources/ros2_ws/src/install/cv_msg/local/lib/python3.10/dist-packages/cv_msg-0.0.0-py3.10.egg-info/dependency_links.txt
-- Installing: /home/a/Desktop/yhan/Sources/ros2_ws/src/install/cv_msg/local/lib/python3.10/dist-packages/cv_msg
-- Installing: /home/a/Desktop/yhan/Sources/ros2_ws/src/install/cv_msg/local/lib/python3.10/dist-packages/cv_msg/_cv_msg_s.ep.rosidl_typesupport_introspection_c.c
-- Installing: /home/a/Desktop/yhan/Sources/ros2_ws/src/install/cv_msg/local/lib/python3.10/dist-packages/cv_msg/msg
-- Installing: /home/a/Desktop/yhan/Sources/ros2_ws/src/install/cv_msg/local/lib/python3.10/dist-packages/cv_msg/msg/_msg_center.py
-- Installing: /home/a/Desktop/yhan/Sources/ros2_ws/src/install/cv_msg/local/lib/python3.10/dist-packages/cv_msg/msg/__init__.py
-- Installing: /home/a/Desktop/yhan/Sources/ros2_ws/src/install/cv_msg/local/lib/python3.10/dist-packages/cv_msg/msg/_msg_center_s.c
-- Installing: /home/a/Desktop/yhan/Sources/ros2_ws/src/install/cv_msg/local/lib/python3.10/dist-packages/cv_msg/libcv_msg__rosidl_generator_py.so
-- Installing: /home/a/Desktop/yhan/Sources/ros2_ws/src/install/cv_msg/local/lib/python3.10/dist-packages/cv_msg/cv_msg_s__rosidl_typesupport_fastrtps_c.cpython-310-x86_64-linux-gnu.so
-- Installing: /home/a/Desktop/yhan/Sources/ros2_ws/src/install/cv_msg/local/lib/python3.10/dist-packages/cv_msg/_cv_msg_s.ep.rosidl_typesupport_fastrtps_c.c
-- Installing: /home/a/Desktop/yhan/Sources/ros2_ws/src/install/cv_msg/local/lib/python3.10/dist-packages/cv_msg/cv_msg_s__rosidl_typesupport_c.cpython-310-x86_64-linux-gnu.so
-- Installing: /home/a/Desktop/yhan/Sources/ros2_ws/src/install/cv_msg/local/lib/python3.10/dist-packages/cv_msg/_cv_msg_s.ep.rosidl_typesupport_c.c
-- Installing: /home/a/Desktop/yhan/Sources/ros2_ws/src/install/cv_msg/local/lib/python3.10/dist-packages/cv_msg/__init__.py
-- Installing: /home/a/Desktop/yhan/Sources/ros2_ws/src/install/cv_msg/local/lib/python3.10/dist-packages/cv_msg/srv
-- Installing: /home/a/Desktop/yhan/Sources/ros2_ws/src/install/cv_msg/local/lib/python3.10/dist-packages/cv_msg/srv/_srv_arduino.py
-- Installing: /home/a/Desktop/yhan/Sources/ros2_ws/src/install/cv_msg/local/lib/python3.10/dist-packages/cv_msg/srv/_srv_addint.py
-- Installing: /home/a/Desktop/yhan/Sources/ros2_ws/src/install/cv_msg/local/lib/python3.10/dist-packages/cv_msg/srv/_srv_arduino_s.c
-- Installing: /home/a/Desktop/yhan/Sources/ros2_ws/src/install/cv_msg/local/lib/python3.10/dist-packages/cv_msg/srv/__init__.py
-- Installing: /home/a/Desktop/yhan/Sources/ros2_ws/src/install/cv_msg/local/lib/python3.10/dist-packages/cv_msg/srv/_srv_addint_s.c
-- Installing: /home/a/Desktop/yhan/Sources/ros2_ws/src/install/cv_msg/local/lib/python3.10/dist-packages/cv_msg/cv_msg_s__rosidl_typesupport_introspection_c.cpython-310-x86_64-linux-gnu.so
Listing '/home/a/Desktop/yhan/Sources/ros2_ws/src/install/cv_msg/local/lib/python3.10/dist-packages/cv_msg'...
Compiling '/home/a/Desktop/yhan/Sources/ros2_ws/src/install/cv_msg/local/lib/python3.10/dist-packages/cv_msg/__init__.py'...
Listing '/home/a/Desktop/yhan/Sources/ros2_ws/src/install/cv_msg/local/lib/python3.10/dist-packages/cv_msg/msg'...
Compiling '/home/a/Desktop/yhan/Sources/ros2_ws/src/install/cv_msg/local/lib/python3.10/dist-packages/cv_msg/msg/__init__.py'...
Compiling '/home/a/Desktop/yhan/Sources/ros2_ws/src/install/cv_msg/local/lib/python3.10/dist-packages/cv_msg/msg/_msg_center.py'...
Listing '/home/a/Desktop/yhan/Sources/ros2_ws/src/install/cv_msg/local/lib/python3.10/dist-packages/cv_msg/srv'...
Compiling '/home/a/Desktop/yhan/Sources/ros2_ws/src/install/cv_msg/local/lib/python3.10/dist-packages/cv_msg/srv/__init__.py'...
Compiling '/home/a/Desktop/yhan/Sources/ros2_ws/src/install/cv_msg/local/lib/python3.10/dist-packages/cv_msg/srv/_srv_addint.py'...
Compiling '/home/a/Desktop/yhan/Sources/ros2_ws/src/install/cv_msg/local/lib/python3.10/dist-packages/cv_msg/srv/_srv_arduino.py'...
-- Installing: /home/a/Desktop/yhan/Sources/ros2_ws/src/install/cv_msg/local/lib/python3.10/dist-packages/cv_msg/cv_msg_s__rosidl_typesupport_fastrtps_c.cpython-310-x86_64-linux-gnu.so
-- Set runtime path of "/home/a/Desktop/yhan/Sources/ros2_ws/src/install/cv_msg/local/lib/python3.10/dist-packages/cv_msg/cv_msg_s__rosidl_typesupport_fastrtps_c.cpython-310-x86_64-linux-gnu.so" to ""
-- Installing: /home/a/Desktop/yhan/Sources/ros2_ws/src/install/cv_msg/local/lib/python3.10/dist-packages/cv_msg/cv_msg_s__rosidl_typesupport_introspection_c.cpython-310-x86_64-linux-gnu.so
-- Set runtime path of "/home/a/Desktop/yhan/Sources/ros2_ws/src/install/cv_msg/local/lib/python3.10/dist-packages/cv_msg/cv_msg_s__rosidl_typesupport_introspection_c.cpython-310-x86_64-linux-gnu.so" to ""
-- Installing: /home/a/Desktop/yhan/Sources/ros2_ws/src/install/cv_msg/local/lib/python3.10/dist-packages/cv_msg/cv_msg_s__rosidl_typesupport_c.cpython-310-x86_64-linux-gnu.so
-- Set runtime path of "/home/a/Desktop/yhan/Sources/ros2_ws/src/install/cv_msg/local/lib/python3.10/dist-packages/cv_msg/cv_msg_s__rosidl_typesupport_c.cpython-310-x86_64-linux-gnu.so" to ""
-- Installing: /home/a/Desktop/yhan/Sources/ros2_ws/src/install/cv_msg/lib/libcv_msg__rosidl_generator_py.so
-- Set runtime path of "/home/a/Desktop/yhan/Sources/ros2_ws/src/install/cv_msg/lib/libcv_msg__rosidl_generator_py.so" to ""
-- Installing: /home/a/Desktop/yhan/Sources/ros2_ws/src/install/cv_msg/share/ament_index/resource_index/rust_packages/cv_msg
-- Installing: /home/a/Desktop/yhan/Sources/ros2_ws/src/install/cv_msg/share/cv_msg/rust
-- Installing: /home/a/Desktop/yhan/Sources/ros2_ws/src/install/cv_msg/share/cv_msg/rust/Cargo.toml
-- Installing: /home/a/Desktop/yhan/Sources/ros2_ws/src/install/cv_msg/share/cv_msg/rust/build.rs
-- Installing: /home/a/Desktop/yhan/Sources/ros2_ws/src/install/cv_msg/share/cv_msg/rust/src
-- Installing: /home/a/Desktop/yhan/Sources/ros2_ws/src/install/cv_msg/share/cv_msg/rust/src/msg
-- Installing: /home/a/Desktop/yhan/Sources/ros2_ws/src/install/cv_msg/share/cv_msg/rust/src/msg/rmw.rs
-- Installing: /home/a/Desktop/yhan/Sources/ros2_ws/src/install/cv_msg/share/cv_msg/rust/src/msg.rs
-- Installing: /home/a/Desktop/yhan/Sources/ros2_ws/src/install/cv_msg/share/cv_msg/rust/src/lib.rs
-- Installing: /home/a/Desktop/yhan/Sources/ros2_ws/src/install/cv_msg/share/cv_msg/rust/src/srv
-- Installing: /home/a/Desktop/yhan/Sources/ros2_ws/src/install/cv_msg/share/cv_msg/rust/src/srv/rmw.rs
-- Installing: /home/a/Desktop/yhan/Sources/ros2_ws/src/install/cv_msg/share/cv_msg/rust/src/srv.rs
-- Installing: /home/a/Desktop/yhan/Sources/ros2_ws/src/install/cv_msg/share/cv_msg/msg/MsgCenter.idl
-- Installing: /home/a/Desktop/yhan/Sources/ros2_ws/src/install/cv_msg/share/cv_msg/srv/SrvAddint.idl
-- Installing: /home/a/Desktop/yhan/Sources/ros2_ws/src/install/cv_msg/share/cv_msg/srv/SrvArduino.idl
-- Installing: /home/a/Desktop/yhan/Sources/ros2_ws/src/install/cv_msg/share/cv_msg/msg/MsgCenter.msg
-- Installing: /home/a/Desktop/yhan/Sources/ros2_ws/src/install/cv_msg/share/cv_msg/srv/SrvAddint.srv
-- Installing: /home/a/Desktop/yhan/Sources/ros2_ws/src/install/cv_msg/share/cv_msg/srv/SrvAddint_Request.msg
-- Installing: /home/a/Desktop/yhan/Sources/ros2_ws/src/install/cv_msg/share/cv_msg/srv/SrvAddint_Response.msg
-- Installing: /home/a/Desktop/yhan/Sources/ros2_ws/src/install/cv_msg/share/cv_msg/srv/SrvArduino.srv
-- Installing: /home/a/Desktop/yhan/Sources/ros2_ws/src/install/cv_msg/share/cv_msg/srv/SrvArduino_Request.msg
-- Installing: /home/a/Desktop/yhan/Sources/ros2_ws/src/install/cv_msg/share/cv_msg/srv/SrvArduino_Response.msg
-- Installing: /home/a/Desktop/yhan/Sources/ros2_ws/src/install/cv_msg/share/ament_index/resource_index/package_run_dependencies/cv_msg
-- Installing: /home/a/Desktop/yhan/Sources/ros2_ws/src/install/cv_msg/share/ament_index/resource_index/parent_prefix_path/cv_msg
-- Installing: /home/a/Desktop/yhan/Sources/ros2_ws/src/install/cv_msg/share/cv_msg/environment/ament_prefix_path.sh
-- Installing: /home/a/Desktop/yhan/Sources/ros2_ws/src/install/cv_msg/share/cv_msg/environment/ament_prefix_path.dsv
-- Installing: /home/a/Desktop/yhan/Sources/ros2_ws/src/install/cv_msg/share/cv_msg/environment/path.sh
-- Installing: /home/a/Desktop/yhan/Sources/ros2_ws/src/install/cv_msg/share/cv_msg/environment/path.dsv
-- Installing: /home/a/Desktop/yhan/Sources/ros2_ws/src/install/cv_msg/share/cv_msg/local_setup.bash
-- Installing: /home/a/Desktop/yhan/Sources/ros2_ws/src/install/cv_msg/share/cv_msg/local_setup.sh
-- Installing: /home/a/Desktop/yhan/Sources/ros2_ws/src/install/cv_msg/share/cv_msg/local_setup.zsh
-- Installing: /home/a/Desktop/yhan/Sources/ros2_ws/src/install/cv_msg/share/cv_msg/local_setup.dsv
-- Installing: /home/a/Desktop/yhan/Sources/ros2_ws/src/install/cv_msg/share/cv_msg/package.dsv
-- Installing: /home/a/Desktop/yhan/Sources/ros2_ws/src/install/cv_msg/share/ament_index/resource_index/packages/cv_msg
-- Installing: /home/a/Desktop/yhan/Sources/ros2_ws/src/install/cv_msg/share/cv_msg/cmake/export_cv_msg__rosidl_generator_cExport.cmake
-- Installing: /home/a/Desktop/yhan/Sources/ros2_ws/src/install/cv_msg/share/cv_msg/cmake/export_cv_msg__rosidl_generator_cExport-noconfig.cmake
-- Installing: /home/a/Desktop/yhan/Sources/ros2_ws/src/install/cv_msg/share/cv_msg/cmake/export_cv_msg__rosidl_typesupport_fastrtps_cExport.cmake
-- Installing: /home/a/Desktop/yhan/Sources/ros2_ws/src/install/cv_msg/share/cv_msg/cmake/export_cv_msg__rosidl_typesupport_fastrtps_cExport-noconfig.cmake
-- Installing: /home/a/Desktop/yhan/Sources/ros2_ws/src/install/cv_msg/share/cv_msg/cmake/cv_msg__rosidl_typesupport_introspection_cExport.cmake
-- Installing: /home/a/Desktop/yhan/Sources/ros2_ws/src/install/cv_msg/share/cv_msg/cmake/cv_msg__rosidl_typesupport_introspection_cExport-noconfig.cmake
-- Installing: /home/a/Desktop/yhan/Sources/ros2_ws/src/install/cv_msg/share/cv_msg/cmake/cv_msg__rosidl_typesupport_cExport.cmake
-- Installing: /home/a/Desktop/yhan/Sources/ros2_ws/src/install/cv_msg/share/cv_msg/cmake/cv_msg__rosidl_typesupport_cExport-noconfig.cmake
-- Installing: /home/a/Desktop/yhan/Sources/ros2_ws/src/install/cv_msg/share/cv_msg/cmake/export_cv_msg__rosidl_generator_cppExport.cmake
-- Installing: /home/a/Desktop/yhan/Sources/ros2_ws/src/install/cv_msg/share/cv_msg/cmake/export_cv_msg__rosidl_typesupport_fastrtps_cppExport.cmake
-- Installing: /home/a/Desktop/yhan/Sources/ros2_ws/src/install/cv_msg/share/cv_msg/cmake/export_cv_msg__rosidl_typesupport_fastrtps_cppExport-noconfig.cmake
-- Installing: /home/a/Desktop/yhan/Sources/ros2_ws/src/install/cv_msg/share/cv_msg/cmake/cv_msg__rosidl_typesupport_introspection_cppExport.cmake
-- Installing: /home/a/Desktop/yhan/Sources/ros2_ws/src/install/cv_msg/share/cv_msg/cmake/cv_msg__rosidl_typesupport_introspection_cppExport-noconfig.cmake
-- Installing: /home/a/Desktop/yhan/Sources/ros2_ws/src/install/cv_msg/share/cv_msg/cmake/cv_msg__rosidl_typesupport_cppExport.cmake
-- Installing: /home/a/Desktop/yhan/Sources/ros2_ws/src/install/cv_msg/share/cv_msg/cmake/cv_msg__rosidl_typesupport_cppExport-noconfig.cmake
-- Installing: /home/a/Desktop/yhan/Sources/ros2_ws/src/install/cv_msg/share/cv_msg/cmake/export_cv_msg__rosidl_generator_pyExport.cmake
-- Installing: /home/a/Desktop/yhan/Sources/ros2_ws/src/install/cv_msg/share/cv_msg/cmake/export_cv_msg__rosidl_generator_pyExport-noconfig.cmake
-- Installing: /home/a/Desktop/yhan/Sources/ros2_ws/src/install/cv_msg/share/cv_msg/cmake/rosidl_cmake-extras.cmake
-- Installing: /home/a/Desktop/yhan/Sources/ros2_ws/src/install/cv_msg/share/cv_msg/cmake/ament_cmake_export_include_directories-extras.cmake
-- Installing: /home/a/Desktop/yhan/Sources/ros2_ws/src/install/cv_msg/share/cv_msg/cmake/ament_cmake_export_libraries-extras.cmake
-- Installing: /home/a/Desktop/yhan/Sources/ros2_ws/src/install/cv_msg/share/cv_msg/cmake/ament_cmake_export_targets-extras.cmake
-- Installing: /home/a/Desktop/yhan/Sources/ros2_ws/src/install/cv_msg/share/cv_msg/cmake/rosidl_cmake_export_typesupport_targets-extras.cmake
-- Installing: /home/a/Desktop/yhan/Sources/ros2_ws/src/install/cv_msg/share/cv_msg/cmake/ament_cmake_export_dependencies-extras.cmake
-- Installing: /home/a/Desktop/yhan/Sources/ros2_ws/src/install/cv_msg/share/cv_msg/cmake/rosidl_cmake_export_typesupport_libraries-extras.cmake
-- Installing: /home/a/Desktop/yhan/Sources/ros2_ws/src/install/cv_msg/share/cv_msg/cmake/cv_msgConfig.cmake
-- Installing: /home/a/Desktop/yhan/Sources/ros2_ws/src/install/cv_msg/share/cv_msg/cmake/cv_msgConfig-version.cmake
-- Installing: /home/a/Desktop/yhan/Sources/ros2_ws/src/install/cv_msg/share/cv_msg/package.xml
