[0.005s] Invoking command in '/home/a/Desktop/yhan/Sources/ros2_ws/src/build/cv_msg': CMAKE_PREFIX_PATH=${CMAKE_PREFIX_PATH}:/home/a/Desktop/yhan/Sources/ros2_ws/install/ros_topic:/opt/ros/humble /home/a/.local/bin/cmake /home/a/Desktop/yhan/Sources/ros2_ws/src/cv_msg -DCMAKE_INSTALL_PREFIX=/home/a/Desktop/yhan/Sources/ros2_ws/src/install/cv_msg
[0.022s] -- Found ament_cmake: 1.3.14 (/opt/ros/humble/share/ament_cmake/cmake)
[0.070s] -- Found rosidl_default_generators: 1.2.1 (/opt/ros/humble/share/rosidl_default_generators/cmake)
[0.071s] -- Using all available rosidl_typesupport_c: rosidl_typesupport_fastrtps_c;rosidl_typesupport_introspection_c
[0.073s] -- Found rosidl_adapter: 3.1.8 (/opt/ros/humble/share/rosidl_adapter/cmake)
[0.089s] -- Using all available rosidl_typesupport_cpp: rosidl_typesupport_fastrtps_cpp;rosidl_typesupport_introspection_cpp
[0.218s] -- Found ament_cmake_ros: 0.10.0 (/opt/ros/humble/share/ament_cmake_ros/cmake)
[0.273s] -- Using all available rosidl_typesupport_c: rosidl_typesupport_fastrtps_c;rosidl_typesupport_introspection_c
[0.338s] -- Using all available rosidl_typesupport_cpp: rosidl_typesupport_fastrtps_cpp;rosidl_typesupport_introspection_cpp
[0.352s] -- Found PythonInterp: /usr/bin/python3 (found suitable version "3.10.12", minimum required is "3.6") 
[0.353s] -- Found python_cmake_module: 0.10.0 (/opt/ros/humble/share/python_cmake_module/cmake)
[0.367s] -- Found PythonLibs: /usr/lib/x86_64-linux-gnu/libpython3.10.so (found suitable version "3.10.12", minimum required is "3.5") 
[0.367s] -- Using PYTHON_EXECUTABLE: /usr/bin/python3
[0.367s] -- Using PYTHON_INCLUDE_DIRS: /usr/include/python3.10
[0.367s] -- Using PYTHON_LIBRARIES: /usr/lib/x86_64-linux-gnu/libpython3.10.so
[0.383s] -- Found PythonExtra: .so  
[0.424s] -- Found ament_lint_auto: 0.12.15 (/opt/ros/humble/share/ament_lint_auto/cmake)
[0.432s] -- Added test 'lint_cmake' to check CMake code style
[0.433s] -- Added test 'xmllint' to check XML markup files
[0.434s] -- Configuring done
[0.450s] -- Generating done
[0.456s] -- Build files have been written to: /home/a/Desktop/yhan/Sources/ros2_ws/src/build/cv_msg
[0.462s] Invoked command in '/home/a/Desktop/yhan/Sources/ros2_ws/src/build/cv_msg' returned '0': CMAKE_PREFIX_PATH=${CMAKE_PREFIX_PATH}:/home/a/Desktop/yhan/Sources/ros2_ws/install/ros_topic:/opt/ros/humble /home/a/.local/bin/cmake /home/a/Desktop/yhan/Sources/ros2_ws/src/cv_msg -DCMAKE_INSTALL_PREFIX=/home/a/Desktop/yhan/Sources/ros2_ws/src/install/cv_msg
[0.462s] Invoking command in '/home/a/Desktop/yhan/Sources/ros2_ws/src/build/cv_msg': CMAKE_PREFIX_PATH=${CMAKE_PREFIX_PATH}:/home/a/Desktop/yhan/Sources/ros2_ws/install/ros_topic:/opt/ros/humble /home/a/.local/bin/cmake --build /home/a/Desktop/yhan/Sources/ros2_ws/src/build/cv_msg -- -j24 -l24
[0.490s] [  2%] [34m[1mGenerating C code for ROS interfaces[0m
[0.492s] [  4%] [34m[1mGenerating Rust code for ROS interfaces[0m
[0.493s] [  6%] [34m[1mGenerating C++ code for ROS interfaces[0m
[0.494s] [  6%] Built target ament_cmake_python_copy_cv_msg
[0.594s] running egg_info
[0.601s] creating cv_msg.egg-info
[0.601s] writing cv_msg.egg-info/PKG-INFO
[0.601s] writing dependency_links to cv_msg.egg-info/dependency_links.txt
[0.601s] writing top-level names to cv_msg.egg-info/top_level.txt
[0.601s] writing manifest file 'cv_msg.egg-info/SOURCES.txt'
[0.623s] reading manifest file 'cv_msg.egg-info/SOURCES.txt'
[0.623s] writing manifest file 'cv_msg.egg-info/SOURCES.txt'
[0.624s] [  6%] Built target cv_msg__rs
[0.638s] [  6%] Built target ament_cmake_python_build_cv_msg_egg
[0.667s] [ 10%] [32mBuilding C object CMakeFiles/cv_msg__rosidl_generator_c.dir/rosidl_generator_c/cv_msg/srv/detail/srv_addint__functions.c.o[0m
[0.667s] [ 10%] [32mBuilding C object CMakeFiles/cv_msg__rosidl_generator_c.dir/rosidl_generator_c/cv_msg/msg/detail/msg_center__functions.c.o[0m
[0.667s] [ 12%] [32mBuilding C object CMakeFiles/cv_msg__rosidl_generator_c.dir/rosidl_generator_c/cv_msg/srv/detail/srv_arduino__functions.c.o[0m
[0.669s] [ 12%] Built target cv_msg__cpp
[0.671s] [ 14%] [34m[1mGenerating C++ type support dispatch for ROS interfaces[0m
[0.671s] [ 16%] [34m[1mGenerating C++ type support for eProsima Fast-RTPS[0m
[0.671s] [ 18%] [34m[1mGenerating C++ introspection for ROS interfaces[0m
[0.706s] [ 20%] [32m[1mLinking C shared library libcv_msg__rosidl_generator_c.so[0m
[0.720s] [ 20%] Built target cv_msg__rosidl_generator_c
[0.723s] [ 27%] [34m[1mGenerating C introspection for ROS interfaces[0m
[0.724s] [ 27%] [34m[1mGenerating C type support for eProsima Fast-RTPS[0m
[0.724s] [ 27%] [34m[1mGenerating C type support dispatch for ROS interfaces[0m
[0.801s] [ 29%] [32mBuilding CXX object CMakeFiles/cv_msg__rosidl_typesupport_cpp.dir/rosidl_typesupport_cpp/cv_msg/msg/msg_center__type_support.cpp.o[0m
[0.802s] [ 31%] [32mBuilding CXX object CMakeFiles/cv_msg__rosidl_typesupport_cpp.dir/rosidl_typesupport_cpp/cv_msg/srv/srv_addint__type_support.cpp.o[0m
[0.802s] [ 33%] [32mBuilding CXX object CMakeFiles/cv_msg__rosidl_typesupport_cpp.dir/rosidl_typesupport_cpp/cv_msg/srv/srv_arduino__type_support.cpp.o[0m
[0.819s] [ 35%] [32mBuilding CXX object CMakeFiles/cv_msg__rosidl_typesupport_introspection_cpp.dir/rosidl_typesupport_introspection_cpp/cv_msg/srv/detail/srv_addint__type_support.cpp.o[0m
[0.819s] [ 37%] [32mBuilding CXX object CMakeFiles/cv_msg__rosidl_typesupport_introspection_cpp.dir/rosidl_typesupport_introspection_cpp/cv_msg/srv/detail/srv_arduino__type_support.cpp.o[0m
[0.819s] [ 39%] [32mBuilding CXX object CMakeFiles/cv_msg__rosidl_typesupport_introspection_cpp.dir/rosidl_typesupport_introspection_cpp/cv_msg/msg/detail/msg_center__type_support.cpp.o[0m
[0.837s] [ 41%] [32mBuilding CXX object CMakeFiles/cv_msg__rosidl_typesupport_fastrtps_cpp.dir/rosidl_typesupport_fastrtps_cpp/cv_msg/srv/detail/dds_fastrtps/srv_addint__type_support.cpp.o[0m
[0.837s] [ 43%] [32mBuilding CXX object CMakeFiles/cv_msg__rosidl_typesupport_fastrtps_cpp.dir/rosidl_typesupport_fastrtps_cpp/cv_msg/srv/detail/dds_fastrtps/srv_arduino__type_support.cpp.o[0m
[0.837s] [ 45%] [32mBuilding CXX object CMakeFiles/cv_msg__rosidl_typesupport_fastrtps_cpp.dir/rosidl_typesupport_fastrtps_cpp/cv_msg/msg/detail/dds_fastrtps/msg_center__type_support.cpp.o[0m
[0.856s] [ 47%] [32mBuilding CXX object CMakeFiles/cv_msg__rosidl_typesupport_c.dir/rosidl_typesupport_c/cv_msg/srv/srv_addint__type_support.cpp.o[0m
[0.856s] [ 52%] [32mBuilding CXX object CMakeFiles/cv_msg__rosidl_typesupport_c.dir/rosidl_typesupport_c/cv_msg/msg/msg_center__type_support.cpp.o[0m
[0.856s] [ 52%] [32mBuilding CXX object CMakeFiles/cv_msg__rosidl_typesupport_c.dir/rosidl_typesupport_c/cv_msg/srv/srv_arduino__type_support.cpp.o[0m
[0.874s] [ 54%] [32m[1mLinking CXX shared library libcv_msg__rosidl_typesupport_c.so[0m
[0.883s] [ 56%] [32mBuilding C object CMakeFiles/cv_msg__rosidl_typesupport_introspection_c.dir/rosidl_typesupport_introspection_c/cv_msg/srv/detail/srv_arduino__type_support.c.o[0m
[0.883s] [ 60%] [32mBuilding C object CMakeFiles/cv_msg__rosidl_typesupport_introspection_c.dir/rosidl_typesupport_introspection_c/cv_msg/srv/detail/srv_addint__type_support.c.o[0m
[0.883s] [ 60%] [32mBuilding C object CMakeFiles/cv_msg__rosidl_typesupport_introspection_c.dir/rosidl_typesupport_introspection_c/cv_msg/msg/detail/msg_center__type_support.c.o[0m
[0.892s] [ 62%] [32mBuilding CXX object CMakeFiles/cv_msg__rosidl_typesupport_fastrtps_c.dir/rosidl_typesupport_fastrtps_c/cv_msg/srv/detail/srv_arduino__type_support_c.cpp.o[0m
[0.892s] [ 64%] [32mBuilding CXX object CMakeFiles/cv_msg__rosidl_typesupport_fastrtps_c.dir/rosidl_typesupport_fastrtps_c/cv_msg/srv/detail/srv_addint__type_support_c.cpp.o[0m
[0.892s] [ 66%] [32mBuilding CXX object CMakeFiles/cv_msg__rosidl_typesupport_fastrtps_c.dir/rosidl_typesupport_fastrtps_c/cv_msg/msg/detail/msg_center__type_support_c.cpp.o[0m
[0.897s] [ 66%] Built target cv_msg__rosidl_typesupport_c
[0.900s] [ 68%] [32m[1mLinking C shared library libcv_msg__rosidl_typesupport_introspection_c.so[0m
[0.910s] [ 68%] Built target cv_msg__rosidl_typesupport_introspection_c
[1.014s] [ 70%] [32m[1mLinking CXX shared library libcv_msg__rosidl_typesupport_cpp.so[0m
[1.035s] [ 70%] Built target cv_msg__rosidl_typesupport_cpp
[1.053s] [ 72%] [32m[1mLinking CXX shared library libcv_msg__rosidl_typesupport_fastrtps_c.so[0m
[1.087s] [ 72%] Built target cv_msg__rosidl_typesupport_fastrtps_c
[1.087s] [ 75%] [32m[1mLinking CXX shared library libcv_msg__rosidl_typesupport_introspection_cpp.so[0m
[1.088s] [ 77%] [32m[1mLinking CXX shared library libcv_msg__rosidl_typesupport_fastrtps_cpp.so[0m
[1.109s] [ 77%] Built target cv_msg__rosidl_typesupport_introspection_cpp
[1.123s] [ 77%] Built target cv_msg__rosidl_typesupport_fastrtps_cpp
[1.128s] [ 77%] Built target cv_msg
[1.134s] [ 79%] [34m[1mGenerating Python code for ROS interfaces[0m
[1.393s] [ 79%] Built target cv_msg__py
[1.398s] [ 81%] [32mBuilding C object CMakeFiles/cv_msg__rosidl_generator_py.dir/rosidl_generator_py/cv_msg/msg/_msg_center_s.c.o[0m
[1.399s] [ 83%] [32mBuilding C object CMakeFiles/cv_msg__rosidl_generator_py.dir/rosidl_generator_py/cv_msg/srv/_srv_arduino_s.c.o[0m
[1.399s] [ 85%] [32mBuilding C object CMakeFiles/cv_msg__rosidl_generator_py.dir/rosidl_generator_py/cv_msg/srv/_srv_addint_s.c.o[0m
[1.458s] [ 87%] [32m[1mLinking C shared library rosidl_generator_py/cv_msg/libcv_msg__rosidl_generator_py.so[0m
[1.473s] [ 87%] Built target cv_msg__rosidl_generator_py
[1.479s] [ 89%] [32mBuilding C object CMakeFiles/cv_msg__rosidl_typesupport_introspection_c__pyext.dir/rosidl_generator_py/cv_msg/_cv_msg_s.ep.rosidl_typesupport_introspection_c.c.o[0m
[1.479s] [ 91%] [32mBuilding C object CMakeFiles/cv_msg__rosidl_typesupport_fastrtps_c__pyext.dir/rosidl_generator_py/cv_msg/_cv_msg_s.ep.rosidl_typesupport_fastrtps_c.c.o[0m
[1.479s] [ 93%] [32mBuilding C object CMakeFiles/cv_msg__rosidl_typesupport_c__pyext.dir/rosidl_generator_py/cv_msg/_cv_msg_s.ep.rosidl_typesupport_c.c.o[0m
[1.526s] [ 95%] [32m[1mLinking C shared library rosidl_generator_py/cv_msg/cv_msg_s__rosidl_typesupport_fastrtps_c.cpython-310-x86_64-linux-gnu.so[0m
[1.527s] [100%] [32m[1mLinking C shared library rosidl_generator_py/cv_msg/cv_msg_s__rosidl_typesupport_introspection_c.cpython-310-x86_64-linux-gnu.so[0m
[1.527s] [100%] [32m[1mLinking C shared library rosidl_generator_py/cv_msg/cv_msg_s__rosidl_typesupport_c.cpython-310-x86_64-linux-gnu.so[0m
[1.543s] [100%] Built target cv_msg__rosidl_typesupport_introspection_c__pyext
[1.543s] [100%] Built target cv_msg__rosidl_typesupport_c__pyext
[1.543s] [100%] Built target cv_msg__rosidl_typesupport_fastrtps_c__pyext
[1.548s] Invoked command in '/home/a/Desktop/yhan/Sources/ros2_ws/src/build/cv_msg' returned '0': CMAKE_PREFIX_PATH=${CMAKE_PREFIX_PATH}:/home/a/Desktop/yhan/Sources/ros2_ws/install/ros_topic:/opt/ros/humble /home/a/.local/bin/cmake --build /home/a/Desktop/yhan/Sources/ros2_ws/src/build/cv_msg -- -j24 -l24
[1.564s] Invoking command in '/home/a/Desktop/yhan/Sources/ros2_ws/src/build/cv_msg': CMAKE_PREFIX_PATH=${CMAKE_PREFIX_PATH}:/home/a/Desktop/yhan/Sources/ros2_ws/install/ros_topic:/opt/ros/humble /home/a/.local/bin/cmake --install /home/a/Desktop/yhan/Sources/ros2_ws/src/build/cv_msg
[1.579s] -- Install configuration: ""
[1.579s] -- Installing: /home/a/Desktop/yhan/Sources/ros2_ws/src/install/cv_msg/share/ament_index/resource_index/rosidl_interfaces/cv_msg
[1.579s] -- Installing: /home/a/Desktop/yhan/Sources/ros2_ws/src/install/cv_msg/include/cv_msg/cv_msg
[1.579s] -- Installing: /home/a/Desktop/yhan/Sources/ros2_ws/src/install/cv_msg/include/cv_msg/cv_msg/msg
[1.579s] -- Installing: /home/a/Desktop/yhan/Sources/ros2_ws/src/install/cv_msg/include/cv_msg/cv_msg/msg/msg_center.h
[1.579s] -- Installing: /home/a/Desktop/yhan/Sources/ros2_ws/src/install/cv_msg/include/cv_msg/cv_msg/msg/rosidl_generator_c__visibility_control.h
[1.579s] -- Installing: /home/a/Desktop/yhan/Sources/ros2_ws/src/install/cv_msg/include/cv_msg/cv_msg/msg/detail
[1.579s] -- Installing: /home/a/Desktop/yhan/Sources/ros2_ws/src/install/cv_msg/include/cv_msg/cv_msg/msg/detail/msg_center__type_support.h
[1.579s] -- Installing: /home/a/Desktop/yhan/Sources/ros2_ws/src/install/cv_msg/include/cv_msg/cv_msg/msg/detail/msg_center__struct.h
[1.579s] -- Installing: /home/a/Desktop/yhan/Sources/ros2_ws/src/install/cv_msg/include/cv_msg/cv_msg/msg/detail/msg_center__functions.h
[1.580s] -- Installing: /home/a/Desktop/yhan/Sources/ros2_ws/src/install/cv_msg/include/cv_msg/cv_msg/msg/detail/msg_center__functions.c
[1.580s] -- Installing: /home/a/Desktop/yhan/Sources/ros2_ws/src/install/cv_msg/include/cv_msg/cv_msg/srv
[1.580s] -- Installing: /home/a/Desktop/yhan/Sources/ros2_ws/src/install/cv_msg/include/cv_msg/cv_msg/srv/srv_arduino.h
[1.580s] -- Installing: /home/a/Desktop/yhan/Sources/ros2_ws/src/install/cv_msg/include/cv_msg/cv_msg/srv/srv_addint.h
[1.580s] -- Installing: /home/a/Desktop/yhan/Sources/ros2_ws/src/install/cv_msg/include/cv_msg/cv_msg/srv/detail
[1.580s] -- Installing: /home/a/Desktop/yhan/Sources/ros2_ws/src/install/cv_msg/include/cv_msg/cv_msg/srv/detail/srv_arduino__functions.h
[1.580s] -- Installing: /home/a/Desktop/yhan/Sources/ros2_ws/src/install/cv_msg/include/cv_msg/cv_msg/srv/detail/srv_addint__functions.c
[1.580s] -- Installing: /home/a/Desktop/yhan/Sources/ros2_ws/src/install/cv_msg/include/cv_msg/cv_msg/srv/detail/srv_addint__struct.h
[1.580s] -- Installing: /home/a/Desktop/yhan/Sources/ros2_ws/src/install/cv_msg/include/cv_msg/cv_msg/srv/detail/srv_addint__functions.h
[1.580s] -- Installing: /home/a/Desktop/yhan/Sources/ros2_ws/src/install/cv_msg/include/cv_msg/cv_msg/srv/detail/srv_arduino__struct.h
[1.580s] -- Installing: /home/a/Desktop/yhan/Sources/ros2_ws/src/install/cv_msg/include/cv_msg/cv_msg/srv/detail/srv_arduino__functions.c
[1.580s] -- Installing: /home/a/Desktop/yhan/Sources/ros2_ws/src/install/cv_msg/include/cv_msg/cv_msg/srv/detail/srv_addint__type_support.h
[1.581s] -- Installing: /home/a/Desktop/yhan/Sources/ros2_ws/src/install/cv_msg/include/cv_msg/cv_msg/srv/detail/srv_arduino__type_support.h
[1.581s] -- Installing: /home/a/Desktop/yhan/Sources/ros2_ws/src/install/cv_msg/share/cv_msg/environment/library_path.sh
[1.581s] -- Installing: /home/a/Desktop/yhan/Sources/ros2_ws/src/install/cv_msg/share/cv_msg/environment/library_path.dsv
[1.581s] -- Installing: /home/a/Desktop/yhan/Sources/ros2_ws/src/install/cv_msg/lib/libcv_msg__rosidl_generator_c.so
[1.581s] -- Set runtime path of "/home/a/Desktop/yhan/Sources/ros2_ws/src/install/cv_msg/lib/libcv_msg__rosidl_generator_c.so" to ""
[1.581s] -- Up-to-date: /home/a/Desktop/yhan/Sources/ros2_ws/src/install/cv_msg/include/cv_msg/cv_msg
[1.581s] -- Up-to-date: /home/a/Desktop/yhan/Sources/ros2_ws/src/install/cv_msg/include/cv_msg/cv_msg/msg
[1.581s] -- Installing: /home/a/Desktop/yhan/Sources/ros2_ws/src/install/cv_msg/include/cv_msg/cv_msg/msg/rosidl_typesupport_fastrtps_c__visibility_control.h
[1.581s] -- Up-to-date: /home/a/Desktop/yhan/Sources/ros2_ws/src/install/cv_msg/include/cv_msg/cv_msg/msg/detail
[1.582s] -- Installing: /home/a/Desktop/yhan/Sources/ros2_ws/src/install/cv_msg/include/cv_msg/cv_msg/msg/detail/msg_center__rosidl_typesupport_fastrtps_c.h
[1.582s] -- Up-to-date: /home/a/Desktop/yhan/Sources/ros2_ws/src/install/cv_msg/include/cv_msg/cv_msg/srv
[1.582s] -- Up-to-date: /home/a/Desktop/yhan/Sources/ros2_ws/src/install/cv_msg/include/cv_msg/cv_msg/srv/detail
[1.582s] -- Installing: /home/a/Desktop/yhan/Sources/ros2_ws/src/install/cv_msg/include/cv_msg/cv_msg/srv/detail/srv_arduino__rosidl_typesupport_fastrtps_c.h
[1.582s] -- Installing: /home/a/Desktop/yhan/Sources/ros2_ws/src/install/cv_msg/include/cv_msg/cv_msg/srv/detail/srv_addint__rosidl_typesupport_fastrtps_c.h
[1.582s] -- Installing: /home/a/Desktop/yhan/Sources/ros2_ws/src/install/cv_msg/lib/libcv_msg__rosidl_typesupport_fastrtps_c.so
[1.582s] -- Set runtime path of "/home/a/Desktop/yhan/Sources/ros2_ws/src/install/cv_msg/lib/libcv_msg__rosidl_typesupport_fastrtps_c.so" to ""
[1.582s] -- Up-to-date: /home/a/Desktop/yhan/Sources/ros2_ws/src/install/cv_msg/include/cv_msg/cv_msg
[1.582s] -- Up-to-date: /home/a/Desktop/yhan/Sources/ros2_ws/src/install/cv_msg/include/cv_msg/cv_msg/msg
[1.582s] -- Up-to-date: /home/a/Desktop/yhan/Sources/ros2_ws/src/install/cv_msg/include/cv_msg/cv_msg/msg/detail
[1.582s] -- Installing: /home/a/Desktop/yhan/Sources/ros2_ws/src/install/cv_msg/include/cv_msg/cv_msg/msg/detail/msg_center__type_support.c
[1.582s] -- Installing: /home/a/Desktop/yhan/Sources/ros2_ws/src/install/cv_msg/include/cv_msg/cv_msg/msg/detail/msg_center__rosidl_typesupport_introspection_c.h
[1.582s] -- Installing: /home/a/Desktop/yhan/Sources/ros2_ws/src/install/cv_msg/include/cv_msg/cv_msg/msg/rosidl_typesupport_introspection_c__visibility_control.h
[1.582s] -- Up-to-date: /home/a/Desktop/yhan/Sources/ros2_ws/src/install/cv_msg/include/cv_msg/cv_msg/srv
[1.583s] -- Up-to-date: /home/a/Desktop/yhan/Sources/ros2_ws/src/install/cv_msg/include/cv_msg/cv_msg/srv/detail
[1.583s] -- Installing: /home/a/Desktop/yhan/Sources/ros2_ws/src/install/cv_msg/include/cv_msg/cv_msg/srv/detail/srv_addint__type_support.c
[1.583s] -- Installing: /home/a/Desktop/yhan/Sources/ros2_ws/src/install/cv_msg/include/cv_msg/cv_msg/srv/detail/srv_arduino__type_support.c
[1.583s] -- Installing: /home/a/Desktop/yhan/Sources/ros2_ws/src/install/cv_msg/include/cv_msg/cv_msg/srv/detail/srv_addint__rosidl_typesupport_introspection_c.h
[1.583s] -- Installing: /home/a/Desktop/yhan/Sources/ros2_ws/src/install/cv_msg/include/cv_msg/cv_msg/srv/detail/srv_arduino__rosidl_typesupport_introspection_c.h
[1.583s] -- Installing: /home/a/Desktop/yhan/Sources/ros2_ws/src/install/cv_msg/lib/libcv_msg__rosidl_typesupport_introspection_c.so
[1.583s] -- Set runtime path of "/home/a/Desktop/yhan/Sources/ros2_ws/src/install/cv_msg/lib/libcv_msg__rosidl_typesupport_introspection_c.so" to ""
[1.583s] -- Installing: /home/a/Desktop/yhan/Sources/ros2_ws/src/install/cv_msg/lib/libcv_msg__rosidl_typesupport_c.so
[1.583s] -- Set runtime path of "/home/a/Desktop/yhan/Sources/ros2_ws/src/install/cv_msg/lib/libcv_msg__rosidl_typesupport_c.so" to ""
[1.583s] -- Up-to-date: /home/a/Desktop/yhan/Sources/ros2_ws/src/install/cv_msg/include/cv_msg/cv_msg
[1.584s] -- Up-to-date: /home/a/Desktop/yhan/Sources/ros2_ws/src/install/cv_msg/include/cv_msg/cv_msg/msg
[1.584s] -- Installing: /home/a/Desktop/yhan/Sources/ros2_ws/src/install/cv_msg/include/cv_msg/cv_msg/msg/rosidl_generator_cpp__visibility_control.hpp
[1.584s] -- Installing: /home/a/Desktop/yhan/Sources/ros2_ws/src/install/cv_msg/include/cv_msg/cv_msg/msg/msg_center.hpp
[1.584s] -- Up-to-date: /home/a/Desktop/yhan/Sources/ros2_ws/src/install/cv_msg/include/cv_msg/cv_msg/msg/detail
[1.584s] -- Installing: /home/a/Desktop/yhan/Sources/ros2_ws/src/install/cv_msg/include/cv_msg/cv_msg/msg/detail/msg_center__type_support.hpp
[1.584s] -- Installing: /home/a/Desktop/yhan/Sources/ros2_ws/src/install/cv_msg/include/cv_msg/cv_msg/msg/detail/msg_center__traits.hpp
[1.584s] -- Installing: /home/a/Desktop/yhan/Sources/ros2_ws/src/install/cv_msg/include/cv_msg/cv_msg/msg/detail/msg_center__struct.hpp
[1.584s] -- Installing: /home/a/Desktop/yhan/Sources/ros2_ws/src/install/cv_msg/include/cv_msg/cv_msg/msg/detail/msg_center__builder.hpp
[1.584s] -- Up-to-date: /home/a/Desktop/yhan/Sources/ros2_ws/src/install/cv_msg/include/cv_msg/cv_msg/srv
[1.584s] -- Installing: /home/a/Desktop/yhan/Sources/ros2_ws/src/install/cv_msg/include/cv_msg/cv_msg/srv/srv_addint.hpp
[1.584s] -- Up-to-date: /home/a/Desktop/yhan/Sources/ros2_ws/src/install/cv_msg/include/cv_msg/cv_msg/srv/detail
[1.584s] -- Installing: /home/a/Desktop/yhan/Sources/ros2_ws/src/install/cv_msg/include/cv_msg/cv_msg/srv/detail/srv_addint__type_support.hpp
[1.584s] -- Installing: /home/a/Desktop/yhan/Sources/ros2_ws/src/install/cv_msg/include/cv_msg/cv_msg/srv/detail/srv_arduino__traits.hpp
[1.584s] -- Installing: /home/a/Desktop/yhan/Sources/ros2_ws/src/install/cv_msg/include/cv_msg/cv_msg/srv/detail/srv_addint__builder.hpp
[1.584s] -- Installing: /home/a/Desktop/yhan/Sources/ros2_ws/src/install/cv_msg/include/cv_msg/cv_msg/srv/detail/srv_arduino__struct.hpp
[1.584s] -- Installing: /home/a/Desktop/yhan/Sources/ros2_ws/src/install/cv_msg/include/cv_msg/cv_msg/srv/detail/srv_arduino__type_support.hpp
[1.585s] -- Installing: /home/a/Desktop/yhan/Sources/ros2_ws/src/install/cv_msg/include/cv_msg/cv_msg/srv/detail/srv_addint__traits.hpp
[1.585s] -- Installing: /home/a/Desktop/yhan/Sources/ros2_ws/src/install/cv_msg/include/cv_msg/cv_msg/srv/detail/srv_addint__struct.hpp
[1.585s] -- Installing: /home/a/Desktop/yhan/Sources/ros2_ws/src/install/cv_msg/include/cv_msg/cv_msg/srv/detail/srv_arduino__builder.hpp
[1.585s] -- Installing: /home/a/Desktop/yhan/Sources/ros2_ws/src/install/cv_msg/include/cv_msg/cv_msg/srv/srv_arduino.hpp
[1.585s] -- Up-to-date: /home/a/Desktop/yhan/Sources/ros2_ws/src/install/cv_msg/include/cv_msg/cv_msg
[1.585s] -- Up-to-date: /home/a/Desktop/yhan/Sources/ros2_ws/src/install/cv_msg/include/cv_msg/cv_msg/msg
[1.585s] -- Up-to-date: /home/a/Desktop/yhan/Sources/ros2_ws/src/install/cv_msg/include/cv_msg/cv_msg/msg/detail
[1.585s] -- Installing: /home/a/Desktop/yhan/Sources/ros2_ws/src/install/cv_msg/include/cv_msg/cv_msg/msg/detail/msg_center__rosidl_typesupport_fastrtps_cpp.hpp
[1.585s] -- Installing: /home/a/Desktop/yhan/Sources/ros2_ws/src/install/cv_msg/include/cv_msg/cv_msg/msg/detail/dds_fastrtps
[1.585s] -- Installing: /home/a/Desktop/yhan/Sources/ros2_ws/src/install/cv_msg/include/cv_msg/cv_msg/msg/rosidl_typesupport_fastrtps_cpp__visibility_control.h
[1.585s] -- Up-to-date: /home/a/Desktop/yhan/Sources/ros2_ws/src/install/cv_msg/include/cv_msg/cv_msg/srv
[1.585s] -- Up-to-date: /home/a/Desktop/yhan/Sources/ros2_ws/src/install/cv_msg/include/cv_msg/cv_msg/srv/detail
[1.585s] -- Installing: /home/a/Desktop/yhan/Sources/ros2_ws/src/install/cv_msg/include/cv_msg/cv_msg/srv/detail/dds_fastrtps
[1.585s] -- Installing: /home/a/Desktop/yhan/Sources/ros2_ws/src/install/cv_msg/include/cv_msg/cv_msg/srv/detail/srv_arduino__rosidl_typesupport_fastrtps_cpp.hpp
[1.586s] -- Installing: /home/a/Desktop/yhan/Sources/ros2_ws/src/install/cv_msg/include/cv_msg/cv_msg/srv/detail/srv_addint__rosidl_typesupport_fastrtps_cpp.hpp
[1.586s] -- Installing: /home/a/Desktop/yhan/Sources/ros2_ws/src/install/cv_msg/lib/libcv_msg__rosidl_typesupport_fastrtps_cpp.so
[1.586s] -- Set runtime path of "/home/a/Desktop/yhan/Sources/ros2_ws/src/install/cv_msg/lib/libcv_msg__rosidl_typesupport_fastrtps_cpp.so" to ""
[1.586s] -- Up-to-date: /home/a/Desktop/yhan/Sources/ros2_ws/src/install/cv_msg/include/cv_msg/cv_msg
[1.586s] -- Up-to-date: /home/a/Desktop/yhan/Sources/ros2_ws/src/install/cv_msg/include/cv_msg/cv_msg/msg
[1.586s] -- Up-to-date: /home/a/Desktop/yhan/Sources/ros2_ws/src/install/cv_msg/include/cv_msg/cv_msg/msg/detail
[1.586s] -- Installing: /home/a/Desktop/yhan/Sources/ros2_ws/src/install/cv_msg/include/cv_msg/cv_msg/msg/detail/msg_center__rosidl_typesupport_introspection_cpp.hpp
[1.586s] -- Installing: /home/a/Desktop/yhan/Sources/ros2_ws/src/install/cv_msg/include/cv_msg/cv_msg/msg/detail/msg_center__type_support.cpp
[1.586s] -- Up-to-date: /home/a/Desktop/yhan/Sources/ros2_ws/src/install/cv_msg/include/cv_msg/cv_msg/srv
[1.586s] -- Up-to-date: /home/a/Desktop/yhan/Sources/ros2_ws/src/install/cv_msg/include/cv_msg/cv_msg/srv/detail
[1.586s] -- Installing: /home/a/Desktop/yhan/Sources/ros2_ws/src/install/cv_msg/include/cv_msg/cv_msg/srv/detail/srv_arduino__type_support.cpp
[1.586s] -- Installing: /home/a/Desktop/yhan/Sources/ros2_ws/src/install/cv_msg/include/cv_msg/cv_msg/srv/detail/srv_arduino__rosidl_typesupport_introspection_cpp.hpp
[1.586s] -- Installing: /home/a/Desktop/yhan/Sources/ros2_ws/src/install/cv_msg/include/cv_msg/cv_msg/srv/detail/srv_addint__rosidl_typesupport_introspection_cpp.hpp
[1.586s] -- Installing: /home/a/Desktop/yhan/Sources/ros2_ws/src/install/cv_msg/include/cv_msg/cv_msg/srv/detail/srv_addint__type_support.cpp
[1.587s] -- Installing: /home/a/Desktop/yhan/Sources/ros2_ws/src/install/cv_msg/lib/libcv_msg__rosidl_typesupport_introspection_cpp.so
[1.587s] -- Set runtime path of "/home/a/Desktop/yhan/Sources/ros2_ws/src/install/cv_msg/lib/libcv_msg__rosidl_typesupport_introspection_cpp.so" to ""
[1.587s] -- Installing: /home/a/Desktop/yhan/Sources/ros2_ws/src/install/cv_msg/lib/libcv_msg__rosidl_typesupport_cpp.so
[1.587s] -- Set runtime path of "/home/a/Desktop/yhan/Sources/ros2_ws/src/install/cv_msg/lib/libcv_msg__rosidl_typesupport_cpp.so" to ""
[1.587s] -- Installing: /home/a/Desktop/yhan/Sources/ros2_ws/src/install/cv_msg/share/cv_msg/environment/pythonpath.sh
[1.587s] -- Installing: /home/a/Desktop/yhan/Sources/ros2_ws/src/install/cv_msg/share/cv_msg/environment/pythonpath.dsv
[1.587s] -- Installing: /home/a/Desktop/yhan/Sources/ros2_ws/src/install/cv_msg/local/lib/python3.10/dist-packages/cv_msg-0.0.0-py3.10.egg-info
[1.587s] -- Installing: /home/a/Desktop/yhan/Sources/ros2_ws/src/install/cv_msg/local/lib/python3.10/dist-packages/cv_msg-0.0.0-py3.10.egg-info/top_level.txt
[1.588s] -- Installing: /home/a/Desktop/yhan/Sources/ros2_ws/src/install/cv_msg/local/lib/python3.10/dist-packages/cv_msg-0.0.0-py3.10.egg-info/SOURCES.txt
[1.588s] -- Installing: /home/a/Desktop/yhan/Sources/ros2_ws/src/install/cv_msg/local/lib/python3.10/dist-packages/cv_msg-0.0.0-py3.10.egg-info/PKG-INFO
[1.588s] -- Installing: /home/a/Desktop/yhan/Sources/ros2_ws/src/install/cv_msg/local/lib/python3.10/dist-packages/cv_msg-0.0.0-py3.10.egg-info/dependency_links.txt
[1.588s] -- Installing: /home/a/Desktop/yhan/Sources/ros2_ws/src/install/cv_msg/local/lib/python3.10/dist-packages/cv_msg
[1.588s] -- Installing: /home/a/Desktop/yhan/Sources/ros2_ws/src/install/cv_msg/local/lib/python3.10/dist-packages/cv_msg/_cv_msg_s.ep.rosidl_typesupport_introspection_c.c
[1.588s] -- Installing: /home/a/Desktop/yhan/Sources/ros2_ws/src/install/cv_msg/local/lib/python3.10/dist-packages/cv_msg/msg
[1.588s] -- Installing: /home/a/Desktop/yhan/Sources/ros2_ws/src/install/cv_msg/local/lib/python3.10/dist-packages/cv_msg/msg/_msg_center.py
[1.588s] -- Installing: /home/a/Desktop/yhan/Sources/ros2_ws/src/install/cv_msg/local/lib/python3.10/dist-packages/cv_msg/msg/__init__.py
[1.588s] -- Installing: /home/a/Desktop/yhan/Sources/ros2_ws/src/install/cv_msg/local/lib/python3.10/dist-packages/cv_msg/msg/_msg_center_s.c
[1.588s] -- Installing: /home/a/Desktop/yhan/Sources/ros2_ws/src/install/cv_msg/local/lib/python3.10/dist-packages/cv_msg/libcv_msg__rosidl_generator_py.so
[1.588s] -- Installing: /home/a/Desktop/yhan/Sources/ros2_ws/src/install/cv_msg/local/lib/python3.10/dist-packages/cv_msg/cv_msg_s__rosidl_typesupport_fastrtps_c.cpython-310-x86_64-linux-gnu.so
[1.588s] -- Installing: /home/a/Desktop/yhan/Sources/ros2_ws/src/install/cv_msg/local/lib/python3.10/dist-packages/cv_msg/_cv_msg_s.ep.rosidl_typesupport_fastrtps_c.c
[1.589s] -- Installing: /home/a/Desktop/yhan/Sources/ros2_ws/src/install/cv_msg/local/lib/python3.10/dist-packages/cv_msg/cv_msg_s__rosidl_typesupport_c.cpython-310-x86_64-linux-gnu.so
[1.589s] -- Installing: /home/a/Desktop/yhan/Sources/ros2_ws/src/install/cv_msg/local/lib/python3.10/dist-packages/cv_msg/_cv_msg_s.ep.rosidl_typesupport_c.c
[1.589s] -- Installing: /home/a/Desktop/yhan/Sources/ros2_ws/src/install/cv_msg/local/lib/python3.10/dist-packages/cv_msg/__init__.py
[1.589s] -- Installing: /home/a/Desktop/yhan/Sources/ros2_ws/src/install/cv_msg/local/lib/python3.10/dist-packages/cv_msg/srv
[1.589s] -- Installing: /home/a/Desktop/yhan/Sources/ros2_ws/src/install/cv_msg/local/lib/python3.10/dist-packages/cv_msg/srv/_srv_arduino.py
[1.589s] -- Installing: /home/a/Desktop/yhan/Sources/ros2_ws/src/install/cv_msg/local/lib/python3.10/dist-packages/cv_msg/srv/_srv_addint.py
[1.589s] -- Installing: /home/a/Desktop/yhan/Sources/ros2_ws/src/install/cv_msg/local/lib/python3.10/dist-packages/cv_msg/srv/_srv_arduino_s.c
[1.589s] -- Installing: /home/a/Desktop/yhan/Sources/ros2_ws/src/install/cv_msg/local/lib/python3.10/dist-packages/cv_msg/srv/__init__.py
[1.589s] -- Installing: /home/a/Desktop/yhan/Sources/ros2_ws/src/install/cv_msg/local/lib/python3.10/dist-packages/cv_msg/srv/_srv_addint_s.c
[1.589s] -- Installing: /home/a/Desktop/yhan/Sources/ros2_ws/src/install/cv_msg/local/lib/python3.10/dist-packages/cv_msg/cv_msg_s__rosidl_typesupport_introspection_c.cpython-310-x86_64-linux-gnu.so
[1.609s] Listing '/home/a/Desktop/yhan/Sources/ros2_ws/src/install/cv_msg/local/lib/python3.10/dist-packages/cv_msg'...
[1.609s] Compiling '/home/a/Desktop/yhan/Sources/ros2_ws/src/install/cv_msg/local/lib/python3.10/dist-packages/cv_msg/__init__.py'...
[1.609s] Listing '/home/a/Desktop/yhan/Sources/ros2_ws/src/install/cv_msg/local/lib/python3.10/dist-packages/cv_msg/msg'...
[1.609s] Compiling '/home/a/Desktop/yhan/Sources/ros2_ws/src/install/cv_msg/local/lib/python3.10/dist-packages/cv_msg/msg/__init__.py'...
[1.609s] Compiling '/home/a/Desktop/yhan/Sources/ros2_ws/src/install/cv_msg/local/lib/python3.10/dist-packages/cv_msg/msg/_msg_center.py'...
[1.610s] Listing '/home/a/Desktop/yhan/Sources/ros2_ws/src/install/cv_msg/local/lib/python3.10/dist-packages/cv_msg/srv'...
[1.610s] Compiling '/home/a/Desktop/yhan/Sources/ros2_ws/src/install/cv_msg/local/lib/python3.10/dist-packages/cv_msg/srv/__init__.py'...
[1.610s] Compiling '/home/a/Desktop/yhan/Sources/ros2_ws/src/install/cv_msg/local/lib/python3.10/dist-packages/cv_msg/srv/_srv_addint.py'...
[1.610s] Compiling '/home/a/Desktop/yhan/Sources/ros2_ws/src/install/cv_msg/local/lib/python3.10/dist-packages/cv_msg/srv/_srv_arduino.py'...
[1.611s] -- Installing: /home/a/Desktop/yhan/Sources/ros2_ws/src/install/cv_msg/local/lib/python3.10/dist-packages/cv_msg/cv_msg_s__rosidl_typesupport_fastrtps_c.cpython-310-x86_64-linux-gnu.so
[1.612s] -- Set runtime path of "/home/a/Desktop/yhan/Sources/ros2_ws/src/install/cv_msg/local/lib/python3.10/dist-packages/cv_msg/cv_msg_s__rosidl_typesupport_fastrtps_c.cpython-310-x86_64-linux-gnu.so" to ""
[1.612s] -- Installing: /home/a/Desktop/yhan/Sources/ros2_ws/src/install/cv_msg/local/lib/python3.10/dist-packages/cv_msg/cv_msg_s__rosidl_typesupport_introspection_c.cpython-310-x86_64-linux-gnu.so
[1.612s] -- Set runtime path of "/home/a/Desktop/yhan/Sources/ros2_ws/src/install/cv_msg/local/lib/python3.10/dist-packages/cv_msg/cv_msg_s__rosidl_typesupport_introspection_c.cpython-310-x86_64-linux-gnu.so" to ""
[1.612s] -- Installing: /home/a/Desktop/yhan/Sources/ros2_ws/src/install/cv_msg/local/lib/python3.10/dist-packages/cv_msg/cv_msg_s__rosidl_typesupport_c.cpython-310-x86_64-linux-gnu.so
[1.612s] -- Set runtime path of "/home/a/Desktop/yhan/Sources/ros2_ws/src/install/cv_msg/local/lib/python3.10/dist-packages/cv_msg/cv_msg_s__rosidl_typesupport_c.cpython-310-x86_64-linux-gnu.so" to ""
[1.612s] -- Installing: /home/a/Desktop/yhan/Sources/ros2_ws/src/install/cv_msg/lib/libcv_msg__rosidl_generator_py.so
[1.612s] -- Set runtime path of "/home/a/Desktop/yhan/Sources/ros2_ws/src/install/cv_msg/lib/libcv_msg__rosidl_generator_py.so" to ""
[1.612s] -- Installing: /home/a/Desktop/yhan/Sources/ros2_ws/src/install/cv_msg/share/ament_index/resource_index/rust_packages/cv_msg
[1.612s] -- Installing: /home/a/Desktop/yhan/Sources/ros2_ws/src/install/cv_msg/share/cv_msg/rust
[1.612s] -- Installing: /home/a/Desktop/yhan/Sources/ros2_ws/src/install/cv_msg/share/cv_msg/rust/Cargo.toml
[1.612s] -- Installing: /home/a/Desktop/yhan/Sources/ros2_ws/src/install/cv_msg/share/cv_msg/rust/build.rs
[1.612s] -- Installing: /home/a/Desktop/yhan/Sources/ros2_ws/src/install/cv_msg/share/cv_msg/rust/src
[1.612s] -- Installing: /home/a/Desktop/yhan/Sources/ros2_ws/src/install/cv_msg/share/cv_msg/rust/src/msg
[1.612s] -- Installing: /home/a/Desktop/yhan/Sources/ros2_ws/src/install/cv_msg/share/cv_msg/rust/src/msg/rmw.rs
[1.612s] -- Installing: /home/a/Desktop/yhan/Sources/ros2_ws/src/install/cv_msg/share/cv_msg/rust/src/msg.rs
[1.612s] -- Installing: /home/a/Desktop/yhan/Sources/ros2_ws/src/install/cv_msg/share/cv_msg/rust/src/lib.rs
[1.612s] -- Installing: /home/a/Desktop/yhan/Sources/ros2_ws/src/install/cv_msg/share/cv_msg/rust/src/srv
[1.612s] -- Installing: /home/a/Desktop/yhan/Sources/ros2_ws/src/install/cv_msg/share/cv_msg/rust/src/srv/rmw.rs
[1.613s] -- Installing: /home/a/Desktop/yhan/Sources/ros2_ws/src/install/cv_msg/share/cv_msg/rust/src/srv.rs
[1.613s] -- Installing: /home/a/Desktop/yhan/Sources/ros2_ws/src/install/cv_msg/share/cv_msg/msg/MsgCenter.idl
[1.613s] -- Installing: /home/a/Desktop/yhan/Sources/ros2_ws/src/install/cv_msg/share/cv_msg/srv/SrvAddint.idl
[1.613s] -- Installing: /home/a/Desktop/yhan/Sources/ros2_ws/src/install/cv_msg/share/cv_msg/srv/SrvArduino.idl
[1.613s] -- Installing: /home/a/Desktop/yhan/Sources/ros2_ws/src/install/cv_msg/share/cv_msg/msg/MsgCenter.msg
[1.613s] -- Installing: /home/a/Desktop/yhan/Sources/ros2_ws/src/install/cv_msg/share/cv_msg/srv/SrvAddint.srv
[1.613s] -- Installing: /home/a/Desktop/yhan/Sources/ros2_ws/src/install/cv_msg/share/cv_msg/srv/SrvAddint_Request.msg
[1.613s] -- Installing: /home/a/Desktop/yhan/Sources/ros2_ws/src/install/cv_msg/share/cv_msg/srv/SrvAddint_Response.msg
[1.613s] -- Installing: /home/a/Desktop/yhan/Sources/ros2_ws/src/install/cv_msg/share/cv_msg/srv/SrvArduino.srv
[1.613s] -- Installing: /home/a/Desktop/yhan/Sources/ros2_ws/src/install/cv_msg/share/cv_msg/srv/SrvArduino_Request.msg
[1.613s] -- Installing: /home/a/Desktop/yhan/Sources/ros2_ws/src/install/cv_msg/share/cv_msg/srv/SrvArduino_Response.msg
[1.613s] -- Installing: /home/a/Desktop/yhan/Sources/ros2_ws/src/install/cv_msg/share/ament_index/resource_index/package_run_dependencies/cv_msg
[1.613s] -- Installing: /home/a/Desktop/yhan/Sources/ros2_ws/src/install/cv_msg/share/ament_index/resource_index/parent_prefix_path/cv_msg
[1.613s] -- Installing: /home/a/Desktop/yhan/Sources/ros2_ws/src/install/cv_msg/share/cv_msg/environment/ament_prefix_path.sh
[1.613s] -- Installing: /home/a/Desktop/yhan/Sources/ros2_ws/src/install/cv_msg/share/cv_msg/environment/ament_prefix_path.dsv
[1.613s] -- Installing: /home/a/Desktop/yhan/Sources/ros2_ws/src/install/cv_msg/share/cv_msg/environment/path.sh
[1.613s] -- Installing: /home/a/Desktop/yhan/Sources/ros2_ws/src/install/cv_msg/share/cv_msg/environment/path.dsv
[1.613s] -- Installing: /home/a/Desktop/yhan/Sources/ros2_ws/src/install/cv_msg/share/cv_msg/local_setup.bash
[1.613s] -- Installing: /home/a/Desktop/yhan/Sources/ros2_ws/src/install/cv_msg/share/cv_msg/local_setup.sh
[1.613s] -- Installing: /home/a/Desktop/yhan/Sources/ros2_ws/src/install/cv_msg/share/cv_msg/local_setup.zsh
[1.613s] -- Installing: /home/a/Desktop/yhan/Sources/ros2_ws/src/install/cv_msg/share/cv_msg/local_setup.dsv
[1.613s] -- Installing: /home/a/Desktop/yhan/Sources/ros2_ws/src/install/cv_msg/share/cv_msg/package.dsv
[1.613s] -- Installing: /home/a/Desktop/yhan/Sources/ros2_ws/src/install/cv_msg/share/ament_index/resource_index/packages/cv_msg
[1.613s] -- Installing: /home/a/Desktop/yhan/Sources/ros2_ws/src/install/cv_msg/share/cv_msg/cmake/export_cv_msg__rosidl_generator_cExport.cmake
[1.613s] -- Installing: /home/a/Desktop/yhan/Sources/ros2_ws/src/install/cv_msg/share/cv_msg/cmake/export_cv_msg__rosidl_generator_cExport-noconfig.cmake
[1.614s] -- Installing: /home/a/Desktop/yhan/Sources/ros2_ws/src/install/cv_msg/share/cv_msg/cmake/export_cv_msg__rosidl_typesupport_fastrtps_cExport.cmake
[1.614s] -- Installing: /home/a/Desktop/yhan/Sources/ros2_ws/src/install/cv_msg/share/cv_msg/cmake/export_cv_msg__rosidl_typesupport_fastrtps_cExport-noconfig.cmake
[1.614s] -- Installing: /home/a/Desktop/yhan/Sources/ros2_ws/src/install/cv_msg/share/cv_msg/cmake/cv_msg__rosidl_typesupport_introspection_cExport.cmake
[1.614s] -- Installing: /home/a/Desktop/yhan/Sources/ros2_ws/src/install/cv_msg/share/cv_msg/cmake/cv_msg__rosidl_typesupport_introspection_cExport-noconfig.cmake
[1.614s] -- Installing: /home/a/Desktop/yhan/Sources/ros2_ws/src/install/cv_msg/share/cv_msg/cmake/cv_msg__rosidl_typesupport_cExport.cmake
[1.614s] -- Installing: /home/a/Desktop/yhan/Sources/ros2_ws/src/install/cv_msg/share/cv_msg/cmake/cv_msg__rosidl_typesupport_cExport-noconfig.cmake
[1.614s] -- Installing: /home/a/Desktop/yhan/Sources/ros2_ws/src/install/cv_msg/share/cv_msg/cmake/export_cv_msg__rosidl_generator_cppExport.cmake
[1.614s] -- Installing: /home/a/Desktop/yhan/Sources/ros2_ws/src/install/cv_msg/share/cv_msg/cmake/export_cv_msg__rosidl_typesupport_fastrtps_cppExport.cmake
[1.614s] -- Installing: /home/a/Desktop/yhan/Sources/ros2_ws/src/install/cv_msg/share/cv_msg/cmake/export_cv_msg__rosidl_typesupport_fastrtps_cppExport-noconfig.cmake
[1.614s] -- Installing: /home/a/Desktop/yhan/Sources/ros2_ws/src/install/cv_msg/share/cv_msg/cmake/cv_msg__rosidl_typesupport_introspection_cppExport.cmake
[1.614s] -- Installing: /home/a/Desktop/yhan/Sources/ros2_ws/src/install/cv_msg/share/cv_msg/cmake/cv_msg__rosidl_typesupport_introspection_cppExport-noconfig.cmake
[1.614s] -- Installing: /home/a/Desktop/yhan/Sources/ros2_ws/src/install/cv_msg/share/cv_msg/cmake/cv_msg__rosidl_typesupport_cppExport.cmake
[1.614s] -- Installing: /home/a/Desktop/yhan/Sources/ros2_ws/src/install/cv_msg/share/cv_msg/cmake/cv_msg__rosidl_typesupport_cppExport-noconfig.cmake
[1.614s] -- Installing: /home/a/Desktop/yhan/Sources/ros2_ws/src/install/cv_msg/share/cv_msg/cmake/export_cv_msg__rosidl_generator_pyExport.cmake
[1.614s] -- Installing: /home/a/Desktop/yhan/Sources/ros2_ws/src/install/cv_msg/share/cv_msg/cmake/export_cv_msg__rosidl_generator_pyExport-noconfig.cmake
[1.614s] -- Installing: /home/a/Desktop/yhan/Sources/ros2_ws/src/install/cv_msg/share/cv_msg/cmake/rosidl_cmake-extras.cmake
[1.614s] -- Installing: /home/a/Desktop/yhan/Sources/ros2_ws/src/install/cv_msg/share/cv_msg/cmake/ament_cmake_export_include_directories-extras.cmake
[1.614s] -- Installing: /home/a/Desktop/yhan/Sources/ros2_ws/src/install/cv_msg/share/cv_msg/cmake/ament_cmake_export_libraries-extras.cmake
[1.614s] -- Installing: /home/a/Desktop/yhan/Sources/ros2_ws/src/install/cv_msg/share/cv_msg/cmake/ament_cmake_export_targets-extras.cmake
[1.614s] -- Installing: /home/a/Desktop/yhan/Sources/ros2_ws/src/install/cv_msg/share/cv_msg/cmake/rosidl_cmake_export_typesupport_targets-extras.cmake
[1.614s] -- Installing: /home/a/Desktop/yhan/Sources/ros2_ws/src/install/cv_msg/share/cv_msg/cmake/ament_cmake_export_dependencies-extras.cmake
[1.614s] -- Installing: /home/a/Desktop/yhan/Sources/ros2_ws/src/install/cv_msg/share/cv_msg/cmake/rosidl_cmake_export_typesupport_libraries-extras.cmake
[1.614s] -- Installing: /home/a/Desktop/yhan/Sources/ros2_ws/src/install/cv_msg/share/cv_msg/cmake/cv_msgConfig.cmake
[1.614s] -- Installing: /home/a/Desktop/yhan/Sources/ros2_ws/src/install/cv_msg/share/cv_msg/cmake/cv_msgConfig-version.cmake
[1.614s] -- Installing: /home/a/Desktop/yhan/Sources/ros2_ws/src/install/cv_msg/share/cv_msg/package.xml
[1.618s] Invoked command in '/home/a/Desktop/yhan/Sources/ros2_ws/src/build/cv_msg' returned '0': CMAKE_PREFIX_PATH=${CMAKE_PREFIX_PATH}:/home/a/Desktop/yhan/Sources/ros2_ws/install/ros_topic:/opt/ros/humble /home/a/.local/bin/cmake --install /home/a/Desktop/yhan/Sources/ros2_ws/src/build/cv_msg
