[0.004s] Invoking command in '/home/a/Desktop/yhan/Sources/ros2_ws/src/build/cv_msg': CMAKE_PREFIX_PATH=${CMAKE_PREFIX_PATH}:/home/a/Desktop/yhan/Sources/ros2_ws/install/ros_topic:/opt/ros/humble /home/a/.local/bin/cmake /home/a/Desktop/yhan/Sources/ros2_ws/src/cv_msg -DCMAKE_INSTALL_PREFIX=/home/a/Desktop/yhan/Sources/ros2_ws/src/install/cv_msg
[0.022s] [33mCMake Warning (dev) at CMakeLists.txt:17:
[0.022s]   Syntax Warning in cmake code at column 24
[0.022s] 
[0.022s]   Argument not separated from preceding token by whitespace.
[0.022s] This warning is for project developers.  Use -Wno-dev to suppress it.
[0.022s] [0m
[0.022s] [33mCMake Warning (dev) at CMakeLists.txt:18:
[0.022s]   Syntax Warning in cmake code at column 24
[0.022s] 
[0.022s]   Argument not separated from preceding token by whitespace.
[0.022s] This warning is for project developers.  Use -Wno-dev to suppress it.
[0.023s] [0m
[0.050s] -- The C compiler identification is GNU 11.4.0
[0.081s] -- The CXX compiler identification is GNU 11.4.0
[0.087s] -- Detecting C compiler ABI info
[0.119s] -- Detecting C compiler ABI info - done
[0.125s] -- Check for working C compiler: /usr/bin/cc - skipped
[0.125s] -- Detecting C compile features
[0.125s] -- Detecting C compile features - done
[0.127s] -- Detecting CXX compiler ABI info
[0.170s] -- Detecting CXX compiler ABI info - done
[0.175s] -- Check for working CXX compiler: /usr/bin/c++ - skipped
[0.175s] -- Detecting CXX compile features
[0.175s] -- Detecting CXX compile features - done
[0.176s] -- Found ament_cmake: 1.3.14 (/opt/ros/humble/share/ament_cmake/cmake)
[0.342s] -- Found Python3: /usr/bin/python3 (found version "3.10.12") found components: Interpreter 
[0.391s] -- Found rosidl_default_generators: 1.2.1 (/opt/ros/humble/share/rosidl_default_generators/cmake)
[0.392s] -- Using all available rosidl_typesupport_c: rosidl_typesupport_fastrtps_c;rosidl_typesupport_introspection_c
[0.395s] -- Found rosidl_adapter: 3.1.8 (/opt/ros/humble/share/rosidl_adapter/cmake)
[0.415s] -- Using all available rosidl_typesupport_cpp: rosidl_typesupport_fastrtps_cpp;rosidl_typesupport_introspection_cpp
[0.436s] [31mCMake Error at /opt/ros/humble/share/rosidl_cmake/cmake/rosidl_generate_interfaces.cmake:93 (message):
[0.436s]   rosidl_generate_interfaces() the passed file ',' doesn't exist relative to
[0.436s]   the CMAKE_CURRENT_SOURCE_DIR
[0.436s]   '/home/a/Desktop/yhan/Sources/ros2_ws/src/cv_msg'
[0.436s] Call Stack (most recent call first):
[0.436s]   CMakeLists.txt:16 (rosidl_generate_interfaces)
[0.436s] 
[0.436s] [0m
[0.436s] -- Configuring incomplete, errors occurred!
[0.436s] See also "/home/a/Desktop/yhan/Sources/ros2_ws/src/build/cv_msg/CMakeFiles/CMakeOutput.log".
[0.441s] Invoked command in '/home/a/Desktop/yhan/Sources/ros2_ws/src/build/cv_msg' returned '1': CMAKE_PREFIX_PATH=${CMAKE_PREFIX_PATH}:/home/a/Desktop/yhan/Sources/ros2_ws/install/ros_topic:/opt/ros/humble /home/a/.local/bin/cmake /home/a/Desktop/yhan/Sources/ros2_ws/src/cv_msg -DCMAKE_INSTALL_PREFIX=/home/a/Desktop/yhan/Sources/ros2_ws/src/install/cv_msg
